Starting hardware information gathering...
Sun 25 May 2025 17:27:49 NZST
===============================================
Gathering hardware information from node: 192.168.1.100
===============================================
node-0
Architecture:                         x86_64
CPU op-mode(s):                       32-bit, 64-bit
Address sizes:                        39 bits physical, 48 bits virtual
Byte Order:                           Little Endian
CPU(s):                               2
On-line CPU(s) list:                  0,1
Vendor ID:                            GenuineIntel
BIOS Vendor ID:                       Intel
Model name:                           Intel(R) Celeron(R) CPU N3350 @ 1.10GHz
BIOS Model name:                      Intel(R) Celeron(R) CPU N3350 @ 1.10GHz Fill By OEM CPU @ 1.1GHz
BIOS CPU family:                      15
CPU family:                           6
Model:                                92
Thread(s) per core:                   1
Core(s) per socket:                   2
Socket(s):                            1
Stepping:                             9
CPU(s) scaling MHz:                   83%
CPU max MHz:                          2400.0000
CPU min MHz:                          800.0000
BogoMIPS:                             2188.80
Flags:                                fpu vme de pse tsc msr pae mce cx8 apic sep mtrr pge mca cmov pat pse36 clflush dts acpi mmx fxsr sse sse2 ss ht tm pbe syscall nx pdpe1gb rdtscp lm constant_tsc art arch_perfmon pebs bts rep_good nopl xtopology tsc_reliable nonstop_tsc cpuid aperfmperf tsc_known_freq pni pclmulqdq dtes64 monitor ds_cpl vmx est tm2 ssse3 sdbg cx16 xtpr pdcm sse4_1 sse4_2 x2apic movbe popcnt tsc_deadline_timer aes xsave rdrand lahf_lm 3dnowprefetch cpuid_fault cat_l2 ibrs ibpb stibp tpr_shadow flexpriority ept vpid ept_ad fsgsbase tsc_adjust smep erms mpx rdt_a rdseed smap clflushopt intel_pt sha_ni xsaveopt xsavec xgetbv1 xsaves dtherm ida arat pln pts vnmi md_clear arch_capabilities
Virtualization:                       VT-x
L1d cache:                            48 KiB (2 instances)
L1i cache:                            64 KiB (2 instances)
L2 cache:                             2 MiB (2 instances)
NUMA node(s):                         1
NUMA node0 CPU(s):                    0,1
Vulnerability Gather data sampling:   Not affected
Vulnerability Itlb multihit:          Not affected
Vulnerability L1tf:                   Not affected
Vulnerability Mds:                    Not affected
Vulnerability Meltdown:               Not affected
Vulnerability Mmio stale data:        Not affected
Vulnerability Reg file data sampling: Vulnerable: No microcode
Vulnerability Retbleed:               Not affected
Vulnerability Spec rstack overflow:   Not affected
Vulnerability Spec store bypass:      Not affected
Vulnerability Spectre v1:             Mitigation; usercopy/swapgs barriers and __user pointer sanitization
Vulnerability Spectre v2:             Mitigation; Retpolines; IBPB conditional; IBRS_FW; STIBP disabled; RSB filling; PBRSB-eIBRS Not affected; BHI Not affected
Vulnerability Srbds:                  Not affected
Vulnerability Tsx async abort:        Not affected
               total        used        free      shared  buff/cache   available
Mem:           5.6Gi       1.7Gi       294Mi       6.5Mi       4.0Gi       3.9Gi
Swap:             0B          0B          0B
Filesystem      Size  Used Avail Use% Mounted on
/dev/mmcblk1p2   56G   18G   36G  34% /
NAME           SIZE MODEL           ROTA
sda          476.9G ADATA SU650NS38    0
sdb             50G VIRTUAL-DISK       1
sdc              8G VIRTUAL-DISK       1
sdd             20G VIRTUAL-DISK       1
sde             10G VIRTUAL-DISK       1
sdf              1G VIRTUAL-DISK       1
sdg             10G VIRTUAL-DISK       1
mmcblk1       58.3G                    0
mmcblk1boot0     4M                    0
mmcblk1boot1     4M                    0
MemTotal:        5912560 kB
SwapTotal:             0 kB
2
H/W path           Device            Class          Description
===============================================================
                                     system         AB2L (Type1 - SKU0)
/0                                   bus            AB2L
/0/0                                 memory         64KiB BIOS
/0/28                                memory         6GiB System Memory
/0/28/0                              memory         1536MiB DIMM LPDDR4 Synchronous 2400 MHz (0.4 ns)
/0/28/1                              memory         1536MiB DIMM LPDDR4 Synchronous 2400 MHz (0.4 ns)
/0/28/2                              memory         1536MiB DIMM LPDDR4 Synchronous 2400 MHz (0.4 ns)
/0/28/3                              memory         1536MiB DIMM LPDDR4 Synchronous 2400 MHz (0.4 ns)
/0/2f                                memory         112KiB L1 cache
/0/30                                memory         2MiB L2 cache
/0/31                                processor      Intel(R) Celeron(R) CPU N3350 @ 1.10GHz
/0/100                               bridge         Celeron N3350/Pentium N4200/Atom E3900 Series Host Bridge
/0/100/0.1                           generic        Intel Corporation
/0/100/2                             display        HD Graphics 500
/0/100/e           card1             multimedia     Celeron N3350/Pentium N4200/Atom E3900 Series Audio Cluster
/0/100/e/0         input10           input          HDA Intel PCH HDMI/DP,pcm=7
/0/100/e/1         input11           input          HDA Intel PCH HDMI/DP,pcm=8
/0/100/e/2         input9            input          HDA Intel PCH HDMI/DP,pcm=3
/0/100/f                             communication  Celeron N3350/Pentium N4200/Atom E3900 Series Trusted Execution Engine
/0/100/12          scsi0             storage        Celeron N3350/Pentium N4200/Atom E3900 Series SATA AHCI Controller
/0/100/12/0.0.0    /dev/sda          disk           512GB ADATA SU650NS38
/0/100/12/0.0.0/1  /dev/sda1         volume         476GiB EXT4 volume
/0/100/13                            bridge         Celeron N3350/Pentium N4200/Atom E3900 Series PCI Express Port A #3
/0/100/13/0        eno1              network        YT6801 Gigabit Ethernet Controller
/0/100/14                            bridge         Celeron N3350/Pentium N4200/Atom E3900 Series PCI Express Port B #1
/0/100/14.1                          bridge         Celeron N3350/Pentium N4200/Atom E3900 Series PCI Express Port B #2
/0/100/14.1/0      wlp3s0            network        RTL8821CE 802.11ac PCIe Wireless Network Adapter
/0/100/15                            bus            Celeron N3350/Pentium N4200/Atom E3900 Series USB xHCI
/0/100/15/0        usb1              bus            xHCI Host Controller
/0/100/15/0/4      card0             multimedia     GeneralPlus USB Audio Device
/0/100/15/0/7                        communication  Bluetooth Radio
/0/100/15/1        usb2              bus            xHCI Host Controller
/0/100/16                            generic        Celeron N3350/Pentium N4200/Atom E3900 Series I2C Controller #1
/0/100/16.1                          generic        Celeron N3350/Pentium N4200/Atom E3900 Series I2C Controller #2
/0/100/16.2                          generic        Celeron N3350/Pentium N4200/Atom E3900 Series I2C Controller #3
/0/100/16.3                          generic        Celeron N3350/Pentium N4200/Atom E3900 Series I2C Controller #4
/0/100/17                            generic        Celeron N3350/Pentium N4200/Atom E3900 Series I2C Controller #5
/0/100/17.1                          generic        Celeron N3350/Pentium N4200/Atom E3900 Series I2C Controller #6
/0/100/17.2                          generic        Celeron N3350/Pentium N4200/Atom E3900 Series I2C Controller #7
/0/100/17.3                          generic        Celeron N3350/Pentium N4200/Atom E3900 Series I2C Controller #8
/0/100/18                            generic        Celeron N3350/Pentium N4200/Atom E3900 Series HSUART Controller #1
/0/100/18.1                          generic        Celeron N3350/Pentium N4200/Atom E3900 Series HSUART Controller #2
/0/100/18.2                          generic        Celeron N3350/Pentium N4200/Atom E3900 Series HSUART Controller #3
/0/100/18.3                          generic        Celeron N3350/Pentium N4200/Atom E3900 Series HSUART Controller #4
/0/100/19                            generic        Celeron N3350/Pentium N4200/Atom E3900 Series SPI Controller #1
/0/100/19.1                          generic        Celeron N3350/Pentium N4200/Atom E3900 Series SPI Controller #2
/0/100/19.2                          generic        Celeron N3350/Pentium N4200/Atom E3900 Series SPI Controller #3
/0/100/1b          mmc0              bus            Celeron N3350/Pentium N4200/Atom E3900 Series SDXC/MMC Host Controller
/0/100/1c          mmc1              bus            Celeron N3350/Pentium N4200/Atom E3900 Series eMMC Controller
/0/100/1c/1                          generic        UEM
/0/100/1c/1/1      /dev/mmcblk1rpmb  generic        
/0/100/1c/1/2      /dev/mmcblk1      generic        
/0/100/1c/1/2/1    /dev/mmcblk1p1    volume         1074MiB Windows FAT volume
/0/100/1c/1/2/2    /dev/mmcblk1p2    volume         57GiB EXT4 volume
/0/100/1e          mmc2              bus            Celeron N3350/Pentium N4200/Atom E3900 Series SDIO Controller
/0/100/1f                            bridge         Celeron N3350/Pentium N4200/Atom E3900 Series Low Pin Count Interface
/0/100/1f/0                          system         PnP device PNP0c02
/0/100/1f/1                          system         PnP device PNP0c02
/0/100/1f/2                          input          PnP device PNP0f03
/0/100/1f/3                          input          PnP device PNP0303
/0/100/1f/4                          system         PnP device PNP0b00
/0/100/1f.1                          bus            Celeron N3350/Pentium N4200/Atom E3900 Series SMBus Controller
/0/1               scsi2             storage        
/0/1/0.0.0                           generic        SCSI
/0/1/0.0.1                           disk           SCSI Disk
/0/2               scsi6             storage        
/0/2/0.0.1                           disk           SCSI Disk
/0/2/0.0.0                           generic        SCSI
/0/3               scsi7             storage        
/0/3/0.0.0                           generic        Controller
/0/3/0.0.1         /dev/sdg          volume         10GiB VIRTUAL-DISK
/0/4               scsi3             storage        
/0/4/0.0.0                           generic        SCSI
/0/4/0.0.1                           disk           SCSI Disk
/0/5               scsi4             storage        
/0/5/0.0.0                           generic        SCSI
/0/5/0.0.1                           disk           SCSI Disk
/0/6               scsi5             storage        
/0/6/0.0.0                           generic        SCSI
/0/6/0.0.1                           disk           SCSI Disk
/1                 input0            input          Lid Switch
/2                 input1            input          Power Button
/3                 input2            input          AT Translated Set 2 keyboard
/4                 input6            input          Intel HID events
/5                 input7            input          Intel HID 5 button array
/6                 input8            input          Video Bus
Linux 6.8.0-41-generic (node-0) 	25/05/25 	_x86_64_	(2 CPU)

avg-cpu:  %user   %nice %system %iowait  %steal   %idle
          13.46    0.03   12.84    0.25    0.00   73.41

Device             tps    kB_read/s    kB_wrtn/s    kB_dscd/s    kB_read    kB_wrtn    kB_dscd
loop0             0.00         0.00         0.00         0.00         14          0          0
mmcblk1           7.22         3.57        61.82        22.27   16137495  279186897  100567796
mmcblk1boot0      0.00         0.01         0.00         0.00      38217          0          0
mmcblk1boot1      0.00         0.01         0.00         0.00      38217          0          0
sda               0.86        54.64        71.23       785.91  246754124  321662052 3549014876
sdb               0.00         0.00         0.18        11.61       4785     796880   52428804
sdc               0.01         0.00         0.08         1.86      12529     341764    8388612
sdd               0.01         0.00         0.26         4.64      18889    1195860   20971524
sde               0.00         0.00         0.00         0.00       7645        332          0
sdf               0.00         0.00         0.00         0.00      10437        248          0
sdg               0.00         0.00         0.00         0.00       6617         76          0


===============================================
Gathering hardware information from node: 192.168.1.101
===============================================
node-1
Architecture:                         x86_64
CPU op-mode(s):                       32-bit, 64-bit
Address sizes:                        39 bits physical, 48 bits virtual
Byte Order:                           Little Endian
CPU(s):                               2
On-line CPU(s) list:                  0,1
Vendor ID:                            GenuineIntel
BIOS Vendor ID:                       Intel
Model name:                           Intel(R) Celeron(R) CPU N3350 @ 1.10GHz
BIOS Model name:                      Intel(R) Celeron(R) CPU N3350 @ 1.10GHz Fill By OEM CPU @ 1.1GHz
BIOS CPU family:                      15
CPU family:                           6
Model:                                92
Thread(s) per core:                   1
Core(s) per socket:                   2
Socket(s):                            1
Stepping:                             9
CPU(s) scaling MHz:                   75%
CPU max MHz:                          2400.0000
CPU min MHz:                          800.0000
BogoMIPS:                             2188.80
Flags:                                fpu vme de pse tsc msr pae mce cx8 apic sep mtrr pge mca cmov pat pse36 clflush dts acpi mmx fxsr sse sse2 ss ht tm pbe syscall nx pdpe1gb rdtscp lm constant_tsc art arch_perfmon pebs bts rep_good nopl xtopology tsc_reliable nonstop_tsc cpuid aperfmperf tsc_known_freq pni pclmulqdq dtes64 monitor ds_cpl vmx est tm2 ssse3 sdbg cx16 xtpr pdcm sse4_1 sse4_2 x2apic movbe popcnt tsc_deadline_timer aes xsave rdrand lahf_lm 3dnowprefetch cpuid_fault cat_l2 ibrs ibpb stibp tpr_shadow flexpriority ept vpid ept_ad fsgsbase tsc_adjust smep erms mpx rdt_a rdseed smap clflushopt intel_pt sha_ni xsaveopt xsavec xgetbv1 xsaves dtherm ida arat pln pts vnmi md_clear arch_capabilities
Virtualization:                       VT-x
L1d cache:                            48 KiB (2 instances)
L1i cache:                            64 KiB (2 instances)
L2 cache:                             2 MiB (2 instances)
NUMA node(s):                         1
NUMA node0 CPU(s):                    0,1
Vulnerability Gather data sampling:   Not affected
Vulnerability Itlb multihit:          Not affected
Vulnerability L1tf:                   Not affected
Vulnerability Mds:                    Not affected
Vulnerability Meltdown:               Not affected
Vulnerability Mmio stale data:        Not affected
Vulnerability Reg file data sampling: Vulnerable: No microcode
Vulnerability Retbleed:               Not affected
Vulnerability Spec rstack overflow:   Not affected
Vulnerability Spec store bypass:      Not affected
Vulnerability Spectre v1:             Mitigation; usercopy/swapgs barriers and __user pointer sanitization
Vulnerability Spectre v2:             Mitigation; Retpolines; IBPB conditional; IBRS_FW; STIBP disabled; RSB filling; PBRSB-eIBRS Not affected; BHI Not affected
Vulnerability Srbds:                  Not affected
Vulnerability Tsx async abort:        Not affected
               total        used        free      shared  buff/cache   available
Mem:           5.6Gi       1.9Gi       163Mi        10Mi       3.9Gi       3.7Gi
Swap:             0B          0B          0B
Filesystem      Size  Used Avail Use% Mounted on
/dev/mmcblk2p2   56G   24G   30G  45% /
NAME           SIZE MODEL           ROTA
sda          476.9G ADATA SU650NS38    0
sdb             10G VIRTUAL-DISK       1
sdc             50G VIRTUAL-DISK       1
sdd            200G VIRTUAL-DISK       1
sde              1G VIRTUAL-DISK       1
sdf              1G VIRTUAL-DISK       1
mmcblk2       58.3G                    0
mmcblk2boot0     4M                    0
mmcblk2boot1     4M                    0
MemTotal:        5912576 kB
SwapTotal:             0 kB
2
H/W path           Device            Class          Description
===============================================================
                                     system         AB2L (Type1 - SKU0)
/0                                   bus            AB2L
/0/0                                 memory         64KiB BIOS
/0/28                                memory         6GiB System Memory
/0/28/0                              memory         1536MiB DIMM LPDDR4 Synchronous 2400 MHz (0.4 ns)
/0/28/1                              memory         1536MiB DIMM LPDDR4 Synchronous 2400 MHz (0.4 ns)
/0/28/2                              memory         1536MiB DIMM LPDDR4 Synchronous 2400 MHz (0.4 ns)
/0/28/3                              memory         1536MiB DIMM LPDDR4 Synchronous 2400 MHz (0.4 ns)
/0/2f                                memory         112KiB L1 cache
/0/30                                memory         2MiB L2 cache
/0/31                                processor      Intel(R) Celeron(R) CPU N3350 @ 1.10GHz
/0/100                               bridge         Celeron N3350/Pentium N4200/Atom E3900 Series Host Bridge
/0/100/0.1                           generic        Intel Corporation
/0/100/2                             display        HD Graphics 500
/0/100/e           card1             multimedia     Celeron N3350/Pentium N4200/Atom E3900 Series Audio Cluster
/0/100/e/0         input10           input          HDA Intel PCH HDMI/DP,pcm=7
/0/100/e/1         input11           input          HDA Intel PCH HDMI/DP,pcm=8
/0/100/e/2         input9            input          HDA Intel PCH HDMI/DP,pcm=3
/0/100/f                             communication  Celeron N3350/Pentium N4200/Atom E3900 Series Trusted Execution Engine
/0/100/12          scsi0             storage        Celeron N3350/Pentium N4200/Atom E3900 Series SATA AHCI Controller
/0/100/12/0.0.0    /dev/sda          disk           512GB ADATA SU650NS38
/0/100/12/0.0.0/1  /dev/sda1         volume         476GiB EXT4 volume
/0/100/13                            bridge         Celeron N3350/Pentium N4200/Atom E3900 Series PCI Express Port A #3
/0/100/13/0        eno1              network        YT6801 Gigabit Ethernet Controller
/0/100/14                            bridge         Celeron N3350/Pentium N4200/Atom E3900 Series PCI Express Port B #1
/0/100/14.1                          bridge         Celeron N3350/Pentium N4200/Atom E3900 Series PCI Express Port B #2
/0/100/14.1/0      wlp3s0            network        RTL8821CE 802.11ac PCIe Wireless Network Adapter
/0/100/15                            bus            Celeron N3350/Pentium N4200/Atom E3900 Series USB xHCI
/0/100/15/0        usb1              bus            xHCI Host Controller
/0/100/15/0/4      card0             multimedia     GeneralPlus USB Audio Device
/0/100/15/0/7                        communication  Bluetooth Radio
/0/100/15/1        usb2              bus            xHCI Host Controller
/0/100/16                            generic        Celeron N3350/Pentium N4200/Atom E3900 Series I2C Controller #1
/0/100/16.1                          generic        Celeron N3350/Pentium N4200/Atom E3900 Series I2C Controller #2
/0/100/16.2                          generic        Celeron N3350/Pentium N4200/Atom E3900 Series I2C Controller #3
/0/100/16.3                          generic        Celeron N3350/Pentium N4200/Atom E3900 Series I2C Controller #4
/0/100/17                            generic        Celeron N3350/Pentium N4200/Atom E3900 Series I2C Controller #5
/0/100/17.1                          generic        Celeron N3350/Pentium N4200/Atom E3900 Series I2C Controller #6
/0/100/17.2                          generic        Celeron N3350/Pentium N4200/Atom E3900 Series I2C Controller #7
/0/100/17.3                          generic        Celeron N3350/Pentium N4200/Atom E3900 Series I2C Controller #8
/0/100/18                            generic        Celeron N3350/Pentium N4200/Atom E3900 Series HSUART Controller #1
/0/100/18.1                          generic        Celeron N3350/Pentium N4200/Atom E3900 Series HSUART Controller #2
/0/100/18.2                          generic        Celeron N3350/Pentium N4200/Atom E3900 Series HSUART Controller #3
/0/100/18.3                          generic        Celeron N3350/Pentium N4200/Atom E3900 Series HSUART Controller #4
/0/100/19                            generic        Celeron N3350/Pentium N4200/Atom E3900 Series SPI Controller #1
/0/100/19.1                          generic        Celeron N3350/Pentium N4200/Atom E3900 Series SPI Controller #2
/0/100/19.2                          generic        Celeron N3350/Pentium N4200/Atom E3900 Series SPI Controller #3
/0/100/1b          mmc0              bus            Celeron N3350/Pentium N4200/Atom E3900 Series SDXC/MMC Host Controller
/0/100/1c          mmc2              bus            Celeron N3350/Pentium N4200/Atom E3900 Series eMMC Controller
/0/100/1c/1                          generic        UEM
/0/100/1c/1/1      /dev/mmcblk2rpmb  generic        
/0/100/1c/1/2      /dev/mmcblk2      generic        
/0/100/1c/1/2/1    /dev/mmcblk2p1    volume         1074MiB Windows FAT volume
/0/100/1c/1/2/2    /dev/mmcblk2p2    volume         57GiB EXT4 volume
/0/100/1e          mmc1              bus            Celeron N3350/Pentium N4200/Atom E3900 Series SDIO Controller
/0/100/1f                            bridge         Celeron N3350/Pentium N4200/Atom E3900 Series Low Pin Count Interface
/0/100/1f/0                          system         PnP device PNP0c02
/0/100/1f/1                          system         PnP device PNP0c02
/0/100/1f/2                          input          PnP device PNP0f03
/0/100/1f/3                          input          PnP device PNP0303
/0/100/1f/4                          system         PnP device PNP0b00
/0/100/1f.1                          bus            Celeron N3350/Pentium N4200/Atom E3900 Series SMBus Controller
/0/1               scsi2             storage        
/0/1/0.0.0                           generic        SCSI
/0/1/0.0.1                           disk           SCSI Disk
/0/2               scsi6             storage        
/0/2/0.0.1                           disk           SCSI Disk
/0/2/0.0.0                           generic        SCSI
/0/3               scsi3             storage        
/0/3/0.0.0                           generic        SCSI
/0/3/0.0.1                           disk           SCSI Disk
/0/4               scsi4             storage        
/0/4/0.0.0                           generic        SCSI
/0/4/0.0.1                           disk           SCSI Disk
/0/5               scsi5             storage        
/0/5/0.0.0                           generic        SCSI
/0/5/0.0.1                           disk           SCSI Disk
/1                 input0            input          Lid Switch
/2                 input1            input          Power Button
/3                 input2            input          AT Translated Set 2 keyboard
/4                 input6            input          Intel HID events
/5                 input7            input          Intel HID 5 button array
/6                 input8            input          Video Bus
Linux 6.8.0-41-generic (node-1) 	25/05/25 	_x86_64_	(2 CPU)

avg-cpu:  %user   %nice %system %iowait  %steal   %idle
          13.80    0.03   15.54    0.35    0.00   70.28

Device             tps    kB_read/s    kB_wrtn/s    kB_dscd/s    kB_read    kB_wrtn    kB_dscd
loop0             0.00         0.00         0.00         0.00         14          0          0
mmcblk2          30.30         3.91       169.51        31.58    7389771  320119353   59648056
mmcblk2boot0      0.00         0.00         0.00         0.00       9016          0          0
mmcblk2boot1      0.00         0.00         0.00         0.00       9016          0          0
sda               2.89       158.87       193.89      1630.93  300033264  366177300 3080087276
sdb               0.00         0.01         0.00         0.00      10540          0          0
sdc               0.00         0.15         0.02         0.00     278949      30828          0
sdd               0.00         0.01         2.30       111.05      11173    4351076  209715204
sde               0.00         0.01         0.00         0.00      12457       4408          0
sdf               0.00         0.01         0.00         0.00       9461       2716          0


===============================================
Gathering hardware information from node: 192.168.1.102
===============================================
node-2
Architecture:                         x86_64
CPU op-mode(s):                       32-bit, 64-bit
Address sizes:                        39 bits physical, 48 bits virtual
Byte Order:                           Little Endian
CPU(s):                               2
On-line CPU(s) list:                  0,1
Vendor ID:                            GenuineIntel
BIOS Vendor ID:                       Intel
Model name:                           Intel(R) Celeron(R) CPU N3350 @ 1.10GHz
BIOS Model name:                      Intel(R) Celeron(R) CPU N3350 @ 1.10GHz Fill By OEM CPU @ 1.1GHz
BIOS CPU family:                      15
CPU family:                           6
Model:                                92
Thread(s) per core:                   1
Core(s) per socket:                   2
Socket(s):                            1
Stepping:                             9
CPU(s) scaling MHz:                   95%
CPU max MHz:                          2400.0000
CPU min MHz:                          800.0000
BogoMIPS:                             2188.80
Flags:                                fpu vme de pse tsc msr pae mce cx8 apic sep mtrr pge mca cmov pat pse36 clflush dts acpi mmx fxsr sse sse2 ss ht tm pbe syscall nx pdpe1gb rdtscp lm constant_tsc art arch_perfmon pebs bts rep_good nopl xtopology tsc_reliable nonstop_tsc cpuid aperfmperf tsc_known_freq pni pclmulqdq dtes64 monitor ds_cpl vmx est tm2 ssse3 sdbg cx16 xtpr pdcm sse4_1 sse4_2 x2apic movbe popcnt tsc_deadline_timer aes xsave rdrand lahf_lm 3dnowprefetch cpuid_fault cat_l2 ibrs ibpb stibp tpr_shadow flexpriority ept vpid ept_ad fsgsbase tsc_adjust smep erms mpx rdt_a rdseed smap clflushopt intel_pt sha_ni xsaveopt xsavec xgetbv1 xsaves dtherm ida arat pln pts vnmi md_clear arch_capabilities
Virtualization:                       VT-x
L1d cache:                            48 KiB (2 instances)
L1i cache:                            64 KiB (2 instances)
L2 cache:                             2 MiB (2 instances)
NUMA node(s):                         1
NUMA node0 CPU(s):                    0,1
Vulnerability Gather data sampling:   Not affected
Vulnerability Itlb multihit:          Not affected
Vulnerability L1tf:                   Not affected
Vulnerability Mds:                    Not affected
Vulnerability Meltdown:               Not affected
Vulnerability Mmio stale data:        Not affected
Vulnerability Reg file data sampling: Vulnerable: No microcode
Vulnerability Retbleed:               Not affected
Vulnerability Spec rstack overflow:   Not affected
Vulnerability Spec store bypass:      Not affected
Vulnerability Spectre v1:             Mitigation; usercopy/swapgs barriers and __user pointer sanitization
Vulnerability Spectre v2:             Mitigation; Retpolines; IBPB conditional; IBRS_FW; STIBP disabled; RSB filling; PBRSB-eIBRS Not affected; BHI Not affected
Vulnerability Srbds:                  Not affected
Vulnerability Tsx async abort:        Not affected
               total        used        free      shared  buff/cache   available
Mem:           5.6Gi       2.0Gi       193Mi       6.3Mi       3.8Gi       3.7Gi
Swap:             0B          0B          0B
Filesystem      Size  Used Avail Use% Mounted on
/dev/mmcblk1p2   56G   20G   34G  37% /
NAME           SIZE MODEL           ROTA
sda          953.9G ADATA SU650NS38    0
sdb              1G VIRTUAL-DISK       1
sdc              1G VIRTUAL-DISK       1
sdd              1G VIRTUAL-DISK       1
mmcblk1       58.3G                    0
mmcblk1boot0     4M                    0
mmcblk1boot1     4M                    0
MemTotal:        5912560 kB
SwapTotal:             0 kB
2
H/W path           Device            Class          Description
===============================================================
                                     system         AB2L (Type1 - SKU0)
/0                                   bus            AB2L
/0/0                                 memory         64KiB BIOS
/0/28                                memory         6GiB System Memory
/0/28/0                              memory         1536MiB DIMM LPDDR4 Synchronous 2400 MHz (0.4 ns)
/0/28/1                              memory         1536MiB DIMM LPDDR4 Synchronous 2400 MHz (0.4 ns)
/0/28/2                              memory         1536MiB DIMM LPDDR4 Synchronous 2400 MHz (0.4 ns)
/0/28/3                              memory         1536MiB DIMM LPDDR4 Synchronous 2400 MHz (0.4 ns)
/0/2f                                memory         112KiB L1 cache
/0/30                                memory         2MiB L2 cache
/0/31                                processor      Intel(R) Celeron(R) CPU N3350 @ 1.10GHz
/0/100                               bridge         Celeron N3350/Pentium N4200/Atom E3900 Series Host Bridge
/0/100/0.1                           generic        Intel Corporation
/0/100/2                             display        HD Graphics 500
/0/100/e           card1             multimedia     Celeron N3350/Pentium N4200/Atom E3900 Series Audio Cluster
/0/100/e/0         input10           input          HDA Intel PCH HDMI/DP,pcm=7
/0/100/e/1         input11           input          HDA Intel PCH HDMI/DP,pcm=8
/0/100/e/2         input9            input          HDA Intel PCH HDMI/DP,pcm=3
/0/100/f                             communication  Celeron N3350/Pentium N4200/Atom E3900 Series Trusted Execution Engine
/0/100/12          scsi0             storage        Celeron N3350/Pentium N4200/Atom E3900 Series SATA AHCI Controller
/0/100/12/0.0.0    /dev/sda          disk           1024GB ADATA SU650NS38
/0/100/12/0.0.0/1  /dev/sda1         volume         953GiB EXT4 volume
/0/100/13                            bridge         Celeron N3350/Pentium N4200/Atom E3900 Series PCI Express Port A #3
/0/100/13/0        eno1              network        YT6801 Gigabit Ethernet Controller
/0/100/14                            bridge         Celeron N3350/Pentium N4200/Atom E3900 Series PCI Express Port B #1
/0/100/14.1                          bridge         Celeron N3350/Pentium N4200/Atom E3900 Series PCI Express Port B #2
/0/100/14.1/0      wlp3s0            network        RTL8821CE 802.11ac PCIe Wireless Network Adapter
/0/100/15                            bus            Celeron N3350/Pentium N4200/Atom E3900 Series USB xHCI
/0/100/15/0        usb1              bus            xHCI Host Controller
/0/100/15/0/4      card0             multimedia     GeneralPlus USB Audio Device
/0/100/15/0/7                        communication  Bluetooth Radio
/0/100/15/1        usb2              bus            xHCI Host Controller
/0/100/16                            generic        Celeron N3350/Pentium N4200/Atom E3900 Series I2C Controller #1
/0/100/16.1                          generic        Celeron N3350/Pentium N4200/Atom E3900 Series I2C Controller #2
/0/100/16.2                          generic        Celeron N3350/Pentium N4200/Atom E3900 Series I2C Controller #3
/0/100/16.3                          generic        Celeron N3350/Pentium N4200/Atom E3900 Series I2C Controller #4
/0/100/17                            generic        Celeron N3350/Pentium N4200/Atom E3900 Series I2C Controller #5
/0/100/17.1                          generic        Celeron N3350/Pentium N4200/Atom E3900 Series I2C Controller #6
/0/100/17.2                          generic        Celeron N3350/Pentium N4200/Atom E3900 Series I2C Controller #7
/0/100/17.3                          generic        Celeron N3350/Pentium N4200/Atom E3900 Series I2C Controller #8
/0/100/18                            generic        Celeron N3350/Pentium N4200/Atom E3900 Series HSUART Controller #1
/0/100/18.1                          generic        Celeron N3350/Pentium N4200/Atom E3900 Series HSUART Controller #2
/0/100/18.2                          generic        Celeron N3350/Pentium N4200/Atom E3900 Series HSUART Controller #3
/0/100/18.3                          generic        Celeron N3350/Pentium N4200/Atom E3900 Series HSUART Controller #4
/0/100/19                            generic        Celeron N3350/Pentium N4200/Atom E3900 Series SPI Controller #1
/0/100/19.1                          generic        Celeron N3350/Pentium N4200/Atom E3900 Series SPI Controller #2
/0/100/19.2                          generic        Celeron N3350/Pentium N4200/Atom E3900 Series SPI Controller #3
/0/100/1b          mmc0              bus            Celeron N3350/Pentium N4200/Atom E3900 Series SDXC/MMC Host Controller
/0/100/1c          mmc1              bus            Celeron N3350/Pentium N4200/Atom E3900 Series eMMC Controller
/0/100/1c/1                          generic        UEM
/0/100/1c/1/1      /dev/mmcblk1rpmb  generic        
/0/100/1c/1/2      /dev/mmcblk1      generic        
/0/100/1c/1/2/1    /dev/mmcblk1p1    volume         1074MiB Windows FAT volume
/0/100/1c/1/2/2    /dev/mmcblk1p2    volume         57GiB EXT4 volume
/0/100/1e          mmc2              bus            Celeron N3350/Pentium N4200/Atom E3900 Series SDIO Controller
/0/100/1f                            bridge         Celeron N3350/Pentium N4200/Atom E3900 Series Low Pin Count Interface
/0/100/1f/0                          system         PnP device PNP0c02
/0/100/1f/1                          system         PnP device PNP0c02
/0/100/1f/2                          input          PnP device PNP0f03
/0/100/1f/3                          input          PnP device PNP0303
/0/100/1f/4                          system         PnP device PNP0b00
/0/100/1f.1                          bus            Celeron N3350/Pentium N4200/Atom E3900 Series SMBus Controller
/0/1               scsi2             storage        
/0/1/0.0.0                           generic        Controller
/0/1/0.0.1         /dev/sdb          volume         1GiB VIRTUAL-DISK
/0/2               scsi3             storage        
/0/2/0.0.0                           generic        SCSI
/0/2/0.0.1                           disk           SCSI Disk
/0/3               scsi4             storage        
/0/3/0.0.0                           generic        SCSI
/0/3/0.0.1                           disk           SCSI Disk
/1                 input0            input          Lid Switch
/2                 input1            input          Power Button
/3                 input2            input          AT Translated Set 2 keyboard
/4                 input6            input          Intel HID events
/5                 input7            input          Intel HID 5 button array
/6                 input8            input          Video Bus
Linux 6.8.0-41-generic (node-2) 	25/05/25 	_x86_64_	(2 CPU)

avg-cpu:  %user   %nice %system %iowait  %steal   %idle
          15.24    0.03   14.37    0.38    0.00   69.98

Device             tps    kB_read/s    kB_wrtn/s    kB_dscd/s    kB_read    kB_wrtn    kB_dscd
loop0             0.00         0.00         0.00         0.00         14          0          0
mmcblk1          27.76         2.97       145.88        32.22    7195781  353277321   78025952
mmcblk1boot0      0.00         0.00         0.00         0.00      10044          0          0
mmcblk1boot1      0.00         0.00         0.00         0.00      10044          0          0
sda               2.67       223.62       139.06      2486.96  541547832  336757864 6022737260
sdb               0.01         0.00         0.15         0.43       4285     364320    1048580
sdc               0.01         0.01         0.10         0.00      26953     254124          0
sdd               0.00         0.01         0.02         0.43      15289      54444    1048580


===============================================
Gathering hardware information from node: 192.168.1.103
===============================================
node-3
Architecture:                         x86_64
CPU op-mode(s):                       32-bit, 64-bit
Address sizes:                        39 bits physical, 48 bits virtual
Byte Order:                           Little Endian
CPU(s):                               6
On-line CPU(s) list:                  0-5
Vendor ID:                            GenuineIntel
BIOS Vendor ID:                       Intel(R) Corporation
Model name:                           Intel(R) Core(TM) i5-8500T CPU @ 2.10GHz
BIOS Model name:                      Intel(R) Core(TM) i5-8500T CPU @ 2.10GHz To Be Filled By O.E.M. CPU @ 2.1GHz
BIOS CPU family:                      205
CPU family:                           6
Model:                                158
Thread(s) per core:                   1
Core(s) per socket:                   6
Socket(s):                            1
Stepping:                             10
CPU(s) scaling MHz:                   37%
CPU max MHz:                          3500.0000
CPU min MHz:                          800.0000
BogoMIPS:                             4199.88
Flags:                                fpu vme de pse tsc msr pae mce cx8 apic sep mtrr pge mca cmov pat pse36 clflush dts acpi mmx fxsr sse sse2 ss ht tm pbe syscall nx pdpe1gb rdtscp lm constant_tsc art arch_perfmon pebs bts rep_good nopl xtopology nonstop_tsc cpuid aperfmperf pni pclmulqdq dtes64 monitor ds_cpl vmx smx est tm2 ssse3 sdbg fma cx16 xtpr pdcm pcid sse4_1 sse4_2 x2apic movbe popcnt tsc_deadline_timer aes xsave avx f16c rdrand lahf_lm abm 3dnowprefetch cpuid_fault epb pti ssbd ibrs ibpb stibp tpr_shadow flexpriority ept vpid ept_ad fsgsbase tsc_adjust bmi1 avx2 smep bmi2 erms invpcid mpx rdseed adx smap clflushopt intel_pt xsaveopt xsavec xgetbv1 xsaves dtherm ida arat pln pts hwp hwp_notify hwp_act_window hwp_epp vnmi md_clear flush_l1d arch_capabilities
Virtualization:                       VT-x
L1d cache:                            192 KiB (6 instances)
L1i cache:                            192 KiB (6 instances)
L2 cache:                             1.5 MiB (6 instances)
L3 cache:                             9 MiB (1 instance)
NUMA node(s):                         1
NUMA node0 CPU(s):                    0-5
Vulnerability Gather data sampling:   Mitigation; Microcode
Vulnerability Itlb multihit:          KVM: Mitigation: VMX disabled
Vulnerability L1tf:                   Mitigation; PTE Inversion; VMX conditional cache flushes, SMT disabled
Vulnerability Mds:                    Mitigation; Clear CPU buffers; SMT disabled
Vulnerability Meltdown:               Mitigation; PTI
Vulnerability Mmio stale data:        Mitigation; Clear CPU buffers; SMT disabled
Vulnerability Reg file data sampling: Not affected
Vulnerability Retbleed:               Mitigation; IBRS
Vulnerability Spec rstack overflow:   Not affected
Vulnerability Spec store bypass:      Mitigation; Speculative Store Bypass disabled via prctl
Vulnerability Spectre v1:             Mitigation; usercopy/swapgs barriers and __user pointer sanitization
Vulnerability Spectre v2:             Mitigation; IBRS; IBPB conditional; STIBP disabled; RSB filling; PBRSB-eIBRS Not affected; BHI Not affected
Vulnerability Srbds:                  Mitigation; Microcode
Vulnerability Tsx async abort:        Mitigation; TSX disabled
               total        used        free      shared  buff/cache   available
Mem:           7.1Gi       5.4Gi       345Mi        79Mi       1.7Gi       1.7Gi
Swap:             0B          0B          0B
Filesystem      Size  Used Avail Use% Mounted on
/dev/nvme0n1p2  233G   28G  193G  13% /
NAME      SIZE MODEL                ROTA
sda        50G VIRTUAL-DISK            1
sdb     114.6G SanDisk 3.2Gen1         1
sdc        50G VIRTUAL-DISK            1
sdd       200G VIRTUAL-DISK            1
sde         1G VIRTUAL-DISK            1
sdf         1G VIRTUAL-DISK            1
sdg         1G VIRTUAL-DISK            1
sdh         8G VIRTUAL-DISK            1
sdi        20G VIRTUAL-DISK            1
nvme0n1 238.5G KXG5AZNV256G TOSHIBA    0
MemTotal:        7436408 kB
SwapTotal:             0 kB
6
H/W path                 Device          Class          Description
===================================================================
                                         system         10RRS2L700 (LENOVO_MT_10RR_BU_Think_FM_ThinkCentre M920q)
/0                                       bus            3136
/0/0                                     memory         64KiB BIOS
/0/3b                                    memory         8GiB System Memory
/0/3b/0                                  memory         4GiB SODIMM DDR4 Synchronous 3200 MHz (0.3 ns)
/0/3b/1                                  memory         4GiB SODIMM DDR4 Synchronous 3200 MHz (0.3 ns)
/0/45                                    memory         384KiB L1 cache
/0/46                                    memory         1536KiB L2 cache
/0/47                                    memory         9MiB L3 cache
/0/48                                    processor      Intel(R) Core(TM) i5-8500T CPU @ 2.10GHz
/0/100                                   bridge         8th Gen Core Processor Host Bridge/DRAM Registers
/0/100/2                 /dev/fb0        display        CoffeeLake-S GT2 [UHD Graphics 630]
/0/100/8                                 generic        Xeon E3-1200 v5/v6 / E3-1500 v5 / 6th/7th/8th Gen Core Processor Gaussian Mixture Model
/0/100/14                                bus            Cannon Lake PCH USB 3.1 xHCI Host Controller
/0/100/14/0              usb1            bus            xHCI Host Controller
/0/100/14/1              usb2            bus            xHCI Host Controller
/0/100/14/1/2            scsi5           storage        SanDisk 3.2Gen1
/0/100/14/1/2/0.0.0      /dev/sdb        disk           123GB SanDisk 3.2Gen1
/0/100/14/1/2/0.0.0/0    /dev/sdb        disk           123GB 
/0/100/14/1/2/0.0.0/0/1  /dev/sdb1       volume         114GiB EXT4 volume
/0/100/14.2                              memory         RAM memory
/0/100/16                                communication  Cannon Lake PCH HECI Controller
/0/100/16.3                              communication  Cannon Lake PCH Active Management Technology - SOL
/0/100/17                                storage        Cannon Lake PCH SATA AHCI Controller
/0/100/1b                                bridge         Cannon Lake PCH PCI Express Root Port #21
/0/100/1b/0              /dev/nvme0      storage        KXG5AZNV256G TOSHIBA
/0/100/1b/0/0            hwmon1          disk           NVMe disk
/0/100/1b/0/2            /dev/ng0n1      disk           NVMe disk
/0/100/1b/0/1            /dev/nvme0n1    disk           256GB NVMe disk
/0/100/1b/0/1/1          /dev/nvme0n1p1  volume         1074MiB Windows FAT volume
/0/100/1b/0/1/2          /dev/nvme0n1p2  volume         237GiB EXT4 volume
/0/100/1f                                bridge         Q370 Chipset LPC/eSPI Controller
/0/100/1f/0                              system         PnP device PNP0c02
/0/100/1f/1                              system         PnP device PNP0c02
/0/100/1f/2                              system         PnP device PNP0c02
/0/100/1f/3                              generic        PnP device INT3f0d
/0/100/1f/4                              system         PnP device PNP0c02
/0/100/1f/5                              system         PnP device PNP0c02
/0/100/1f/6                              system         PnP device PNP0c02
/0/100/1f/7                              system         PnP device PNP0c02
/0/100/1f.3              card0           multimedia     Cannon Lake PCH cAVS
/0/100/1f.3/0            input11         input          HDA Intel PCH Mic
/0/100/1f.3/1            input12         input          HDA Intel PCH Front Mic
/0/100/1f.3/2            input13         input          HDA Intel PCH Front Headphone
/0/100/1f.3/3            input14         input          HDA Intel PCH HDMI/DP,pcm=3
/0/100/1f.3/4            input15         input          HDA Intel PCH HDMI/DP,pcm=7
/0/100/1f.3/5            input16         input          HDA Intel PCH HDMI/DP,pcm=8
/0/100/1f.4                              bus            Cannon Lake PCH SMBus Controller
/0/100/1f.5                              bus            Cannon Lake PCH SPI Controller
/0/100/1f.6              eno1            network        Ethernet Connection (7) I219-LM
/0/1                     scsi4           storage        
/0/1/0.0.0                               generic        SCSI
/0/1/0.0.1                               disk           SCSI Disk
/0/2                     scsi9           storage        
/0/2/0.0.1               /dev/sdf        volume         1GiB VIRTUAL-DISK
/0/2/0.0.0                               generic        Controller
/0/3                     scsi10          storage        
/0/3/0.0.0                               generic        Controller
/0/3/0.0.1               /dev/sdg        volume         1GiB VIRTUAL-DISK
/0/4                     scsi11          storage        
/0/4/0.0.0                               generic        Controller
/0/4/0.0.1               /dev/sdh        volume         8GiB VIRTUAL-DISK
/0/5                     scsi12          storage        
/0/5/0.0.0                               generic        Controller
/0/5/0.0.1               /dev/sdi        volume         20GiB VIRTUAL-DISK
/0/6                     scsi6           storage        
/0/6/0.0.0                               generic        Controller
/0/6/0.0.1               /dev/sdc        volume         50GiB VIRTUAL-DISK
/0/7                     scsi7           storage        
/0/7/0.0.0                               generic        Controller
/0/7/0.0.1               /dev/sdd        volume         200GiB VIRTUAL-DISK
/0/8                     scsi8           storage        
/0/8/0.0.0                               generic        Controller
/0/8/0.0.1               /dev/sde        volume         1GiB VIRTUAL-DISK
/1                                       power          To Be Filled By O.E.M.
/2                       input0          input          Sleep Button
/3                       input1          input          Power Button
/4                       input10         input          Video Bus
/5                       input2          input          Power Button
Linux 6.11.0-21-generic (node-3) 	25/05/25 	_x86_64_	(6 CPU)

avg-cpu:  %user   %nice %system %iowait  %steal   %idle
           6.94    0.00    4.72    0.60    0.00   87.74

Device             tps    kB_read/s    kB_wrtn/s    kB_dscd/s    kB_read    kB_wrtn    kB_dscd
loop0             0.00         0.00         0.00         0.00         34          0          0
nvme0n1          32.58        19.09       168.29        71.14   84170682  741923477  313641656
sda               0.01         0.40         1.07        11.89    1741617    4726428   52428804
sdb               1.54       107.27        47.63         0.00  472904377  209997216          0
sdc               0.02         0.83         1.15         0.00    3662429    5074616          0
sdd               0.00         0.00         1.05        47.57      12417    4615760  209715204
sde               0.12         0.06         0.95         0.24     254921    4186968    1048580
sdf               0.12         0.06         0.97         0.24     250765    4266576    1048580
sdg               0.03         0.01         0.23         0.24      53117    1014648    1048580
sdh               0.10         0.00         0.64         1.90       7861    2809192    8388612
sdi               0.09         0.08         0.83         0.00     338653    3645852          0


Hardware information gathering complete
Sun 25 May 2025 17:28:03 NZST

========================================
K8S HARDWARE LOAD & RESOURCE OVERVIEW
========================================

=== NODE LIST & STATUS ===
NAME     STATUS   ROLES                  AGE   VERSION   INTERNAL-IP     EXTERNAL-IP   OS-IMAGE             KERNEL-VERSION      CONTAINER-RUNTIME
node-0   Ready    worker                 20d   v1.31.4   192.168.1.100   <none>        Ubuntu 24.04.1 LTS   6.8.0-41-generic    containerd://1.7.24
node-1   Ready    worker                 20d   v1.31.4   192.168.1.101   <none>        Ubuntu 24.04.1 LTS   6.8.0-41-generic    containerd://1.7.24
node-2   Ready    worker                 20d   v1.31.4   192.168.1.102   <none>        Ubuntu 24.04.1 LTS   6.8.0-41-generic    containerd://1.7.24
node-3   Ready    control-plane,worker   20d   v1.31.4   192.168.1.103   <none>        Ubuntu 24.10         6.11.0-21-generic   containerd://1.7.24

=== NODE DETAILS (CAPACITY & ALLOCATED) ===
  Resource           Requests         Limits
  --------           --------         ------
  cpu                673m (48%)       2100m (150%)
  memory             539584512 (10%)  1892656384 (36%)
  ephemeral-storage  0 (0%)           0 (0%)
  hugepages-1Gi      0 (0%)           0 (0%)
  hugepages-2Mi      0 (0%)           0 (0%)
Events:              <none>

--
  Resource           Requests        Limits
  --------           --------        ------
  cpu                743m (53%)      1 (71%)
  memory             481875968 (9%)  1817011456 (35%)
  ephemeral-storage  0 (0%)          0 (0%)
  hugepages-1Gi      0 (0%)          0 (0%)
  hugepages-2Mi      0 (0%)          0 (0%)
Events:              <none>

--
  Resource           Requests         Limits
  --------           --------         ------
  cpu                743m (53%)       1500m (107%)
  memory             676911104 (13%)  2039309568 (39%)
  ephemeral-storage  0 (0%)           0 (0%)
  hugepages-1Gi      0 (0%)           0 (0%)
  hugepages-2Mi      0 (0%)           0 (0%)
Events:              <none>

--
  Resource           Requests         Limits
  --------           --------         ------
  cpu                2518m (46%)      4 (74%)
  memory             2489380Ki (38%)  7932306688 (118%)
  ephemeral-storage  0 (0%)           0 (0%)
  hugepages-1Gi      0 (0%)           0 (0%)
  hugepages-2Mi      0 (0%)           0 (0%)
Events:              <none>

=== POD DISTRIBUTION ANALYSIS ===
Total pods: 88
Average per node: 22
Range: 15 – 40
Imbalance: 62%

PODS PER NODE:
     40 node-3
     17 node-0
     16 node-2
     15 node-1

=== SCHEDULING PROBLEMS (first 10) ===

Recent eviction events (last 5):

Starting storage information gathering...
Sun 25 May 2025 17:28:05 NZST
===============================================
Gathering STORAGE information from node: 192.168.1.100
===============================================
node-0
NAME         FSTYPE FSVER LABEL UUID                                 FSAVAIL FSUSE% MOUNTPOINTS
sda                                                                                 
└─sda1       ext4   1.0         32f359b6-ce7c-44aa-864f-321dfdb6aa5f  405.9G     8% /storage
sdb                                                                                 
sdc                                                                                 
sdd                                                                                 
sde                                                                                 
sdf                                                                                 
sdg          ext4   1.0         a2e7fd7c-e5bf-4d17-9cea-bc471d33d0b5                
mmcblk1                                                                             
├─mmcblk1p1  vfat   FAT32       D661-809C                                 1G     1% /boot/efi
└─mmcblk1p2  ext4   1.0         11c4080b-8320-4516-9796-fd5ed4e96e20   35.3G    32% /mnt/disks/vol1
                                                                                    /
mmcblk1boot0                                                                        
mmcblk1boot1                                                                        
Disk /dev/sda: 476.94 GiB, 512110190592 bytes, 1000215216 sectors
Disk model: ADATA SU650NS38 
Units: sectors of 1 * 512 = 512 bytes
Sector size (logical/physical): 512 bytes / 512 bytes
I/O size (minimum/optimal): 512 bytes / 512 bytes
Disklabel type: gpt
Disk identifier: C7761FFF-EC24-455C-93FC-2C093C271908

Device     Start        End    Sectors   Size Type
/dev/sda1   2048 1000214527 1000212480 476.9G Linux filesystem


Disk /dev/mmcblk1: 58.25 GiB, 62545461248 bytes, 122159104 sectors
Units: sectors of 1 * 512 = 512 bytes
Sector size (logical/physical): 512 bytes / 512 bytes
I/O size (minimum/optimal): 512 bytes / 512 bytes
Disklabel type: gpt
Disk identifier: 6B81E012-276F-406D-98AF-991D5153755E

Device           Start       End   Sectors  Size Type
/dev/mmcblk1p1    2048   2203647   2201600    1G EFI System
/dev/mmcblk1p2 2203648 122157055 119953408 57.2G Linux filesystem


Disk /dev/mmcblk1boot0: 4 MiB, 4194304 bytes, 8192 sectors
Units: sectors of 1 * 512 = 512 bytes
Sector size (logical/physical): 512 bytes / 512 bytes
I/O size (minimum/optimal): 512 bytes / 512 bytes


Disk /dev/mmcblk1boot1: 4 MiB, 4194304 bytes, 8192 sectors
Units: sectors of 1 * 512 = 512 bytes
Sector size (logical/physical): 512 bytes / 512 bytes
I/O size (minimum/optimal): 512 bytes / 512 bytes


Disk /dev/sdg: 10 GiB, 10737418240 bytes, 20971520 sectors
Disk model: VIRTUAL-DISK    
Units: sectors of 1 * 512 = 512 bytes
Sector size (logical/physical): 512 bytes / 512 bytes
I/O size (minimum/optimal): 512 bytes / 512 bytes
Filesystem      Size  Used Avail Use% Mounted on
tmpfs           578M  5.0M  573M   1% /run
efivarfs        128K   82K   42K  67% /sys/firmware/efi/efivars
/dev/mmcblk1p2   56G   18G   36G  34% /
tmpfs           2.9G     0  2.9G   0% /dev/shm
tmpfs           5.0M     0  5.0M   0% /run/lock
/dev/mmcblk1p1  1.1G  6.2M  1.1G   1% /boot/efi
shm              64M     0   64M   0% /run/containerd/io.containerd.grpc.v1.cri/sandboxes/5600c2bb7625339e227dc5cf27221ae4bc0875aba28a0b69db6218f91c3bd45c/shm
overlay          56G   18G   36G  34% /run/containerd/io.containerd.runtime.v2.task/k8s.io/5600c2bb7625339e227dc5cf27221ae4bc0875aba28a0b69db6218f91c3bd45c/rootfs
overlay          56G   18G   36G  34% /run/containerd/io.containerd.runtime.v2.task/k8s.io/e4b73aa90ac8d11b8916047f8d6ef66ff960c8ffc78338d2bb075a5f24d7acdc/rootfs
tmpfs           4.8G   12K  4.8G   1% /var/lib/kubelet/pods/a9470d6c-171d-417e-9fd8-b7a2b428ea8b/volumes/kubernetes.io~projected/kube-api-access-kdlzq
shm              64M     0   64M   0% /run/containerd/io.containerd.grpc.v1.cri/sandboxes/278aec5d15a30ba3c3fbad90e39b569cb22db43ac08e1519f369416bea4de60e/shm
overlay          56G   18G   36G  34% /run/containerd/io.containerd.runtime.v2.task/k8s.io/278aec5d15a30ba3c3fbad90e39b569cb22db43ac08e1519f369416bea4de60e/rootfs
overlay          56G   18G   36G  34% /run/containerd/io.containerd.runtime.v2.task/k8s.io/5b0879bc8c62166f31a37bc6ae89a1407d8af014d48874b5d625e191c8456281/rootfs
tmpfs           4.8G   12K  4.8G   1% /var/lib/kubelet/pods/77ca5396-39f5-4d10-913f-fc547a118c44/volumes/kubernetes.io~projected/kube-api-access-9cr97
shm              64M     0   64M   0% /run/containerd/io.containerd.grpc.v1.cri/sandboxes/fce4a0c3610e205b0425729cd254043f1350af8f989b6be4a46ce4137de630a5/shm
overlay          56G   18G   36G  34% /run/containerd/io.containerd.runtime.v2.task/k8s.io/fce4a0c3610e205b0425729cd254043f1350af8f989b6be4a46ce4137de630a5/rootfs
tmpfs           245M   12K  245M   1% /var/lib/kubelet/pods/3e7fa64f-9afe-4a44-801b-ebaae4fc4603/volumes/kubernetes.io~projected/kube-api-access-pfz24
shm              64M     0   64M   0% /run/containerd/io.containerd.grpc.v1.cri/sandboxes/ba4f2c72eb6d36ddd843896477d674a9e12bf367f1bbfcfe24a99dc6b861ca36/shm
overlay          56G   18G   36G  34% /run/containerd/io.containerd.runtime.v2.task/k8s.io/ba4f2c72eb6d36ddd843896477d674a9e12bf367f1bbfcfe24a99dc6b861ca36/rootfs
tmpfs           4.8G   12K  4.8G   1% /var/lib/kubelet/pods/e37dc709-6ec5-4903-beaa-c34d282fd9e8/volumes/kubernetes.io~projected/kube-api-access-cnf5m
shm              64M     0   64M   0% /run/containerd/io.containerd.grpc.v1.cri/sandboxes/0f3d796829e8d3c1bab6430cb15e5a4d61a89e8b38d65ef36baff5c0dab44359/shm
overlay          56G   18G   36G  34% /run/containerd/io.containerd.runtime.v2.task/k8s.io/0f3d796829e8d3c1bab6430cb15e5a4d61a89e8b38d65ef36baff5c0dab44359/rootfs
tmpfs           4.8G   12K  4.8G   1% /var/lib/kubelet/pods/5332010a-cdc1-43ff-a053-df65901e16fc/volumes/kubernetes.io~projected/kube-api-access-s499k
shm              64M     0   64M   0% /run/containerd/io.containerd.grpc.v1.cri/sandboxes/e1a897fcafd9cdab5fd23c23bdce1a6743da8cc8dee6a442eb718d0459343675/shm
overlay          56G   18G   36G  34% /run/containerd/io.containerd.runtime.v2.task/k8s.io/e1a897fcafd9cdab5fd23c23bdce1a6743da8cc8dee6a442eb718d0459343675/rootfs
overlay          56G   18G   36G  34% /run/containerd/io.containerd.runtime.v2.task/k8s.io/f672bf4f0a1c32466a8f237c9f69247807eb66fa1f6fa0bc74cc8dc6f962e829/rootfs
tmpfs           200M   12K  200M   1% /var/lib/kubelet/pods/d397ea1c-0e1c-4917-a1b9-daeadd8f89e4/volumes/kubernetes.io~projected/kube-api-access-86kxt
shm              64M     0   64M   0% /run/containerd/io.containerd.grpc.v1.cri/sandboxes/68baaae504fca1260f42df47ae13c7456cbca2afe57b8b49ec5d163a1029eba3/shm
overlay          56G   18G   36G  34% /run/containerd/io.containerd.runtime.v2.task/k8s.io/68baaae504fca1260f42df47ae13c7456cbca2afe57b8b49ec5d163a1029eba3/rootfs
overlay          56G   18G   36G  34% /run/containerd/io.containerd.runtime.v2.task/k8s.io/795cf7356304cd3d523931d12f3a86925b726b885773b985997caa50769445ce/rootfs
tmpfs           4.8G   12K  4.8G   1% /var/lib/kubelet/pods/88d6ed97-e908-47c8-a8bd-ef2132b04bca/volumes/kubernetes.io~projected/kube-api-access-t2585
shm              64M     0   64M   0% /run/containerd/io.containerd.grpc.v1.cri/sandboxes/0235a7a2648964ce33c150fb49044f2fbfb0a6766beccb60f26a1e91c7df5a95/shm
overlay          56G   18G   36G  34% /run/containerd/io.containerd.runtime.v2.task/k8s.io/0235a7a2648964ce33c150fb49044f2fbfb0a6766beccb60f26a1e91c7df5a95/rootfs
tmpfs           4.8G   12K  4.8G   1% /var/lib/kubelet/pods/5c27793a-8efb-48f3-b617-5175bf0a1844/volumes/kubernetes.io~projected/kube-api-access-kqwd4
shm              64M     0   64M   0% /run/containerd/io.containerd.grpc.v1.cri/sandboxes/b5537438478748b90a76f50e4e58860c4cbfeaabf12307225aa94627b17a234b/shm
overlay          56G   18G   36G  34% /run/containerd/io.containerd.runtime.v2.task/k8s.io/b5537438478748b90a76f50e4e58860c4cbfeaabf12307225aa94627b17a234b/rootfs
overlay          56G   18G   36G  34% /run/containerd/io.containerd.runtime.v2.task/k8s.io/fbec04550744bf1ab03c0fb755c3b0598ac42e44e8c1a387cef3174083cd5d40/rootfs
/dev/sda1       469G   39G  406G   9% /storage
tmpfs           4.8G   12K  4.8G   1% /var/lib/kubelet/pods/099b106a-b184-41df-b34d-83d6fb5eedd0/volumes/kubernetes.io~projected/kube-api-access-bzxkj
shm              64M     0   64M   0% /run/containerd/io.containerd.grpc.v1.cri/sandboxes/d7c7e2a9224a22a6a1dcddf597c7014aa8db9a0404b619047047ae83eea77f7c/shm
overlay          56G   18G   36G  34% /run/containerd/io.containerd.runtime.v2.task/k8s.io/d7c7e2a9224a22a6a1dcddf597c7014aa8db9a0404b619047047ae83eea77f7c/rootfs
tmpfs           4.8G     0  4.8G   0% /var/lib/kubelet/pods/78938048-960a-40e0-96c7-f9835332ba9c/volumes/kubernetes.io~secret/longhorn-grpc-tls
tmpfs           4.8G   12K  4.8G   1% /var/lib/kubelet/pods/78938048-960a-40e0-96c7-f9835332ba9c/volumes/kubernetes.io~projected/kube-api-access-jg7lp
tmpfs           4.8G   12K  4.8G   1% /var/lib/kubelet/pods/204d3f8a-9d49-41a9-a96a-b96c8a41181e/volumes/kubernetes.io~projected/kube-api-access-ftlsb
shm              64M     0   64M   0% /run/containerd/io.containerd.grpc.v1.cri/sandboxes/ad0525e01a4a60a881270cb7a971caee33edf0eb178916341ae5321c6a09c3c0/shm
shm              64M     0   64M   0% /run/containerd/io.containerd.grpc.v1.cri/sandboxes/5971a8cd48e7b8845d8e4807fbb41d98e5b61f8da9d76eb256d4a65c5f41af93/shm
overlay          56G   18G   36G  34% /run/containerd/io.containerd.runtime.v2.task/k8s.io/ad0525e01a4a60a881270cb7a971caee33edf0eb178916341ae5321c6a09c3c0/rootfs
overlay          56G   18G   36G  34% /run/containerd/io.containerd.runtime.v2.task/k8s.io/5971a8cd48e7b8845d8e4807fbb41d98e5b61f8da9d76eb256d4a65c5f41af93/rootfs
overlay          56G   18G   36G  34% /run/containerd/io.containerd.runtime.v2.task/k8s.io/83b7308719d935c640136a6f36af2607cd6fa0c9c55c84a5accd8f995cb0e9b3/rootfs
overlay          56G   18G   36G  34% /run/containerd/io.containerd.runtime.v2.task/k8s.io/43c342417210a77e2a2c38fac9cd0f31390c7abb5265e27432d765c3c524cb91/rootfs
tmpfs           4.8G   12K  4.8G   1% /var/lib/kubelet/pods/3d8fa831-cc71-4744-ad07-3a2262dcfcf5/volumes/kubernetes.io~projected/kube-api-access-69wbt
shm              64M     0   64M   0% /run/containerd/io.containerd.grpc.v1.cri/sandboxes/f288f9d6fdf82cd262e4c5749fc6df5d4f843eaf121df25c1d9defab15bd6d16/shm
overlay          56G   18G   36G  34% /run/containerd/io.containerd.runtime.v2.task/k8s.io/f288f9d6fdf82cd262e4c5749fc6df5d4f843eaf121df25c1d9defab15bd6d16/rootfs
overlay          56G   18G   36G  34% /run/containerd/io.containerd.runtime.v2.task/k8s.io/8757bc2cf83989f28228abfea3512851ab1a1b9a01cd97f5c2526b532bf87c8f/rootfs
tmpfs           4.8G   12K  4.8G   1% /var/lib/kubelet/pods/10d069cb-8388-4005-9eb1-7ea195b99c5b/volumes/kubernetes.io~projected/kube-api-access-4n6s7
shm              64M     0   64M   0% /run/containerd/io.containerd.grpc.v1.cri/sandboxes/ba1e7070e32b5205465d4530da7f559dcd87a301e99378eba25d2776a47cb9bb/shm
overlay          56G   18G   36G  34% /run/containerd/io.containerd.runtime.v2.task/k8s.io/ba1e7070e32b5205465d4530da7f559dcd87a301e99378eba25d2776a47cb9bb/rootfs
overlay          56G   18G   36G  34% /run/containerd/io.containerd.runtime.v2.task/k8s.io/d27c5f279688dfb75b11b43f10a65f8650949dae0e7ce785e3a8a8fb2b129038/rootfs
overlay          56G   18G   36G  34% /run/containerd/io.containerd.runtime.v2.task/k8s.io/ae789f6c67c7bf554dc37d8431c46e43f85b1c2ecfaff7014930f575fa397d77/rootfs
shm              64M     0   64M   0% /run/containerd/io.containerd.grpc.v1.cri/sandboxes/f41122976125e883f62ab51359ba776835d6789ba3a4f6bde47cf94fc8bd6f3d/shm
overlay          56G   18G   36G  34% /run/containerd/io.containerd.runtime.v2.task/k8s.io/f41122976125e883f62ab51359ba776835d6789ba3a4f6bde47cf94fc8bd6f3d/rootfs
overlay          56G   18G   36G  34% /run/containerd/io.containerd.runtime.v2.task/k8s.io/e1faf57751edf6f1efc7b7b4cc9893644db46a03b8b4abd3c64fd8cb61a058d7/rootfs
overlay          56G   18G   36G  34% /run/containerd/io.containerd.runtime.v2.task/k8s.io/65e2ccf6fa25532c5ea5cf6fc16dcab090abebdabae8a2f0738291d1656fe604/rootfs
overlay          56G   18G   36G  34% /run/containerd/io.containerd.runtime.v2.task/k8s.io/983051a1a474fa1a66793989556cc4a05e017c2d8441d1515f2daef276a89805/rootfs
overlay          56G   18G   36G  34% /run/containerd/io.containerd.runtime.v2.task/k8s.io/b3495d43d65ffc2dd19d17da83861fa8c8564f71c1d4dfd8b91233c234fbde5d/rootfs
overlay          56G   18G   36G  34% /run/containerd/io.containerd.runtime.v2.task/k8s.io/6643ac92d9d9e80012d206b6e029f7f23bda6ff9ad6c52805e2d1a11fb0e6171/rootfs
overlay          56G   18G   36G  34% /run/containerd/io.containerd.runtime.v2.task/k8s.io/e16dbd830590b79aab901265962f3a926459d468e2962b1a5e341cad82a0f6ba/rootfs
overlay          56G   18G   36G  34% /run/containerd/io.containerd.runtime.v2.task/k8s.io/cc779851939b2ab6531d7bd9fcb6f84d9c22efd8ffcc581ebe28690eca5fbddb/rootfs
overlay          56G   18G   36G  34% /run/containerd/io.containerd.runtime.v2.task/k8s.io/f997c17697cc429f7e680053cfa210b1d890e53e65f1b60d8ccf8297130c9c20/rootfs
tmpfs           4.8G     0  4.8G   0% /var/lib/kubelet/pods/780234d5-cc7c-46e1-9809-15716db902d4/volumes/kubernetes.io~secret/longhorn-grpc-tls
tmpfs           4.8G   12K  4.8G   1% /var/lib/kubelet/pods/780234d5-cc7c-46e1-9809-15716db902d4/volumes/kubernetes.io~projected/kube-api-access-9pgz9
shm              64M     0   64M   0% /run/containerd/io.containerd.grpc.v1.cri/sandboxes/32d94e9de8f8361c36a41653db2f1468d701f966ef5ca1ce7e760f23955906e7/shm
overlay          56G   18G   36G  34% /run/containerd/io.containerd.runtime.v2.task/k8s.io/32d94e9de8f8361c36a41653db2f1468d701f966ef5ca1ce7e760f23955906e7/rootfs
tmpfs           4.8G   12K  4.8G   1% /var/lib/kubelet/pods/083a42f1-0323-42ea-8462-9b2872c10469/volumes/kubernetes.io~projected/kube-api-access-p2zq4
shm              64M     0   64M   0% /run/containerd/io.containerd.grpc.v1.cri/sandboxes/4dd5f6a2ee63735568bee3d251228eff2e0576580a9a59d01b5bc0cc48c7214a/shm
overlay          56G   18G   36G  34% /run/containerd/io.containerd.runtime.v2.task/k8s.io/de916586eeff2e1f1c99d198bdbecbe92905bb36be376581f802571b0be32b95/rootfs
overlay          56G   18G   36G  34% /run/containerd/io.containerd.runtime.v2.task/k8s.io/4dd5f6a2ee63735568bee3d251228eff2e0576580a9a59d01b5bc0cc48c7214a/rootfs
overlay          56G   18G   36G  34% /run/containerd/io.containerd.runtime.v2.task/k8s.io/d4728a3cbd92e882810d61ce2511b7d92606df6300443ff105685ec14164d351/rootfs
overlay          56G   18G   36G  34% /run/containerd/io.containerd.runtime.v2.task/k8s.io/0fbc3278aa4d7c523b43553d0a1bc763f0cebb19eb3c2308ec841defdb80b0bd/rootfs
overlay          56G   18G   36G  34% /run/containerd/io.containerd.runtime.v2.task/k8s.io/2d60e2985482d6ac6c60ff1dee0667c41b111ddf72c582d4067d6790d8826995/rootfs
overlay          56G   18G   36G  34% /run/containerd/io.containerd.runtime.v2.task/k8s.io/9e775a54a045542e4b212afb68783ca9c4c50e186537bb895d47b65501945117/rootfs
tmpfs           578M   16K  578M   1% /run/user/1000
total 4
drwxr-xr-x 2 kube 2000 4096 Feb  2 15:45 vol1
Filesystem      Size  Used Avail Use% Mounted on
/dev/mmcblk1p2   56G   18G   36G  34% /mnt/disks/vol1
Error: /dev/mmcblk1boot0: unrecognised disk label
Error: /dev/mmcblk1boot1: unrecognised disk label
Model: ATA ADATA SU650NS38 (scsi)
Disk /dev/sda: 512GB
Sector size (logical/physical): 512B/512B
Partition Table: gpt
Disk Flags: 

Number  Start   End    Size   File system  Name     Flags
 1      1049kB  512GB  512GB  ext4         primary


                                                                          Model: Generic SD/MMC Storage Card (sd/mmc)
Disk /dev/mmcblk1boot0: 4194kB
Sector size (logical/physical): 512B/512B
Partition Table: unknown
Disk Flags: 

Model: IET VIRTUAL-DISK (scsi)
Disk /dev/sdg: 10.7GB
Sector size (logical/physical): 512B/512B
Partition Table: loop
Disk Flags: 

Number  Start  End     Size    File system  Flags
 1      0.00B  10.7GB  10.7GB  ext4


                                                                          Model: Generic SD/MMC Storage Card (sd/mmc)
Disk /dev/mmcblk1boot1: 4194kB
Sector size (logical/physical): 512B/512B
Partition Table: unknown
Disk Flags: 

Model: MMC UEM (sd/mmc)
Disk /dev/mmcblk1: 62.5GB
Sector size (logical/physical): 512B/512B
Partition Table: gpt
Disk Flags: 

Number  Start   End     Size    File system  Name  Flags
 1      1049kB  1128MB  1127MB  fat32              boot, esp
 2      1128MB  62.5GB  61.4GB  ext4


smartctl 7.4 2023-08-01 r5530 [x86_64-linux-6.8.0-41-generic] (local build)
Copyright (C) 2002-23, Bruce Allen, Christian Franke, www.smartmontools.org

=== START OF READ SMART DATA SECTION ===
SMART overall-health self-assessment test result: PASSED

===============================================
Gathering STORAGE information from node: 192.168.1.101
===============================================
node-1
NAME         FSTYPE FSVER LABEL UUID                                 FSAVAIL FSUSE% MOUNTPOINTS
sda                                                                                 
└─sda1       ext4   1.0         f1a6a2d0-1b12-4612-a768-c9b7838c9b27  396.8G    10% /storage
sdb                                                                                 
sdc                                                                                 
sdd                                                                                 
sde                                                                                 
sdf                                                                                 
mmcblk2                                                                             
├─mmcblk2p1  vfat   FAT32       1F12-7440                                 1G     1% /boot/efi
└─mmcblk2p2  ext4   1.0         e2c7240a-513d-41a9-ac7b-85f0cf2a8565   29.7G    42% /var/lib/kubelet/pods/4728400c-0eb7-4a13-b13e-5ba0a59ae366/volume-subpaths/dnsmasq-conf/pihole/4
                                                                                    /var/lib/kubelet/pods/4728400c-0eb7-4a13-b13e-5ba0a59ae366/volume-subpaths/adlists/pihole/3
                                                                                    /var/lib/kubelet/pods/4728400c-0eb7-4a13-b13e-5ba0a59ae366/volume-subpaths/custom-dnsmasq/pihole/2
                                                                                    /var/lib/kubelet/pods/4728400c-0eb7-4a13-b13e-5ba0a59ae366/volume-subpaths/custom-dnsmasq/pihole/1
                                                                                    /var/lib/kubelet/pods/4728400c-0eb7-4a13-b13e-5ba0a59ae366/volumes/kubernetes.io~local-volume/local-pv-e3f48c6a
                                                                                    /mnt/disks/vol1
                                                                                    /
mmcblk2boot0                                                                        
mmcblk2boot1                                                                        
Disk /dev/sda: 476.94 GiB, 512110190592 bytes, 1000215216 sectors
Disk model: ADATA SU650NS38 
Units: sectors of 1 * 512 = 512 bytes
Sector size (logical/physical): 512 bytes / 512 bytes
I/O size (minimum/optimal): 512 bytes / 512 bytes
Disklabel type: gpt
Disk identifier: 888C43BA-5D15-49DA-83B1-6BEEB533CDAC

Device     Start        End    Sectors   Size Type
/dev/sda1   2048 1000214527 1000212480 476.9G Linux filesystem


Disk /dev/mmcblk2: 58.25 GiB, 62545461248 bytes, 122159104 sectors
Units: sectors of 1 * 512 = 512 bytes
Sector size (logical/physical): 512 bytes / 512 bytes
I/O size (minimum/optimal): 512 bytes / 512 bytes
Disklabel type: gpt
Disk identifier: 7C7D5A3B-10DE-43CE-ACEA-6BCC874BA117

Device           Start       End   Sectors  Size Type
/dev/mmcblk2p1    2048   2203647   2201600    1G EFI System
/dev/mmcblk2p2 2203648 122157055 119953408 57.2G Linux filesystem


Disk /dev/mmcblk2boot0: 4 MiB, 4194304 bytes, 8192 sectors
Units: sectors of 1 * 512 = 512 bytes
Sector size (logical/physical): 512 bytes / 512 bytes
I/O size (minimum/optimal): 512 bytes / 512 bytes


Disk /dev/mmcblk2boot1: 4 MiB, 4194304 bytes, 8192 sectors
Units: sectors of 1 * 512 = 512 bytes
Sector size (logical/physical): 512 bytes / 512 bytes
I/O size (minimum/optimal): 512 bytes / 512 bytes
Filesystem      Size  Used Avail Use% Mounted on
tmpfs           578M  4.6M  573M   1% /run
efivarfs        128K   82K   42K  67% /sys/firmware/efi/efivars
/dev/mmcblk2p2   56G   24G   30G  45% /
tmpfs           2.9G     0  2.9G   0% /dev/shm
tmpfs           5.0M     0  5.0M   0% /run/lock
/dev/mmcblk2p1  1.1G  6.2M  1.1G   1% /boot/efi
shm              64M     0   64M   0% /run/containerd/io.containerd.grpc.v1.cri/sandboxes/1193f861afef3ef3609f642b23940ef9039ab8a2fb9446b04de1d1f3b6abef39/shm
overlay          56G   24G   30G  45% /run/containerd/io.containerd.runtime.v2.task/k8s.io/1193f861afef3ef3609f642b23940ef9039ab8a2fb9446b04de1d1f3b6abef39/rootfs
tmpfs           4.8G   12K  4.8G   1% /var/lib/kubelet/pods/b6c64a08-59f8-4a8d-9363-ef8d32c9ca02/volumes/kubernetes.io~projected/kube-api-access-9624c
shm              64M     0   64M   0% /run/containerd/io.containerd.grpc.v1.cri/sandboxes/5c5006cdbacf6b309c0346a4b54b7256a99451c66a6d372c1349cc1916110410/shm
overlay          56G   24G   30G  45% /run/containerd/io.containerd.runtime.v2.task/k8s.io/5c5006cdbacf6b309c0346a4b54b7256a99451c66a6d372c1349cc1916110410/rootfs
overlay          56G   24G   30G  45% /run/containerd/io.containerd.runtime.v2.task/k8s.io/9943fbc09024d6f28ac3813f8afec7a10f2bfc06eeeb427ad8776ac6371a0659/rootfs
tmpfs           4.8G   12K  4.8G   1% /var/lib/kubelet/pods/49a55435-167d-4ed4-a5d6-2773ccc525b3/volumes/kubernetes.io~projected/kube-api-access-cwxrv
shm              64M     0   64M   0% /run/containerd/io.containerd.grpc.v1.cri/sandboxes/bbecd5e4edb26861f2fe0290a1ca8a6d231824d4800659fa3d6bedf847cdfb88/shm
overlay          56G   24G   30G  45% /run/containerd/io.containerd.runtime.v2.task/k8s.io/bbecd5e4edb26861f2fe0290a1ca8a6d231824d4800659fa3d6bedf847cdfb88/rootfs
overlay          56G   24G   30G  45% /run/containerd/io.containerd.runtime.v2.task/k8s.io/a4bfc3244592b13b12987344fc77024873e42d04ef931ae46581d110e6e24913/rootfs
tmpfs           4.8G   12K  4.8G   1% /var/lib/kubelet/pods/1e62252c-35cf-4b87-87fe-f8b5595cc38a/volumes/kubernetes.io~projected/kube-api-access-bxjqz
shm              64M     0   64M   0% /run/containerd/io.containerd.grpc.v1.cri/sandboxes/99477ab0d791d8d0154a4c1739de24db993394bfb795581c814304543db24b51/shm
overlay          56G   24G   30G  45% /run/containerd/io.containerd.runtime.v2.task/k8s.io/99477ab0d791d8d0154a4c1739de24db993394bfb795581c814304543db24b51/rootfs
tmpfs           4.8G   12K  4.8G   1% /var/lib/kubelet/pods/3b68f1e3-8aac-4dbc-a4e2-f442d48fab6e/volumes/kubernetes.io~projected/kube-api-access-ztpkn
shm              64M     0   64M   0% /run/containerd/io.containerd.grpc.v1.cri/sandboxes/2614f0162257189fea11479ba3d1a4a8fa903fc352f3637b6564412fc3da163b/shm
overlay          56G   24G   30G  45% /run/containerd/io.containerd.runtime.v2.task/k8s.io/2614f0162257189fea11479ba3d1a4a8fa903fc352f3637b6564412fc3da163b/rootfs
overlay          56G   24G   30G  45% /run/containerd/io.containerd.runtime.v2.task/k8s.io/18e908a3e81f621f3bbf8546e9bfd36f72eb0dac89d89760efa6c1343a71914c/rootfs
tmpfs           300M   12K  300M   1% /var/lib/kubelet/pods/d76c2980-25da-4cbc-9a42-8888eedb69a3/volumes/kubernetes.io~projected/kube-api-access-k6lfv
shm              64M     0   64M   0% /run/containerd/io.containerd.grpc.v1.cri/sandboxes/a656300c3b0e52ec9f3f56013c72116fefe5058be66fd589d5eafda01e5a171b/shm
overlay          56G   24G   30G  45% /run/containerd/io.containerd.runtime.v2.task/k8s.io/a656300c3b0e52ec9f3f56013c72116fefe5058be66fd589d5eafda01e5a171b/rootfs
overlay          56G   24G   30G  45% /run/containerd/io.containerd.runtime.v2.task/k8s.io/53bead1cd818a531e12b3a1a952a886294c907b7be99a6cf25bb2e784450fac8/rootfs
tmpfs           200M   12K  200M   1% /var/lib/kubelet/pods/47a88cf4-5474-4c88-9003-da9acf20ce9c/volumes/kubernetes.io~projected/kube-api-access-4l5td
shm              64M     0   64M   0% /run/containerd/io.containerd.grpc.v1.cri/sandboxes/572db0009e564494d0dbf14312fba23e7b57ce782dcf9360d7e714130aafafa9/shm
overlay          56G   24G   30G  45% /run/containerd/io.containerd.runtime.v2.task/k8s.io/572db0009e564494d0dbf14312fba23e7b57ce782dcf9360d7e714130aafafa9/rootfs
overlay          56G   24G   30G  45% /run/containerd/io.containerd.runtime.v2.task/k8s.io/4af223993f45fbdbe3e5d72b226dd820971003a0f8316cd957923eacd85032c5/rootfs
tmpfs           4.8G   12K  4.8G   1% /var/lib/kubelet/pods/9bc10aa6-8141-4356-938a-0dcfe97aaacf/volumes/kubernetes.io~projected/kube-api-access-dxpbg
shm              64M     0   64M   0% /run/containerd/io.containerd.grpc.v1.cri/sandboxes/48708aab225e984efa334e0a9fdb917d6882fdc8957acc63d6e807187a68586f/shm
overlay          56G   24G   30G  45% /run/containerd/io.containerd.runtime.v2.task/k8s.io/48708aab225e984efa334e0a9fdb917d6882fdc8957acc63d6e807187a68586f/rootfs
/dev/sda1       469G   48G  397G  11% /storage
tmpfs           4.8G     0  4.8G   0% /var/lib/kubelet/pods/199a9bad-d695-4124-b95e-c6cea0979b09/volumes/kubernetes.io~secret/longhorn-grpc-tls
tmpfs           4.8G   12K  4.8G   1% /var/lib/kubelet/pods/199a9bad-d695-4124-b95e-c6cea0979b09/volumes/kubernetes.io~projected/kube-api-access-n5t6r
shm              64M     0   64M   0% /run/containerd/io.containerd.grpc.v1.cri/sandboxes/aade5eb5c6ca522ccc65e6ff7905d1815c68b83d944732b9f91e7c027c808e84/shm
overlay          56G   24G   30G  45% /run/containerd/io.containerd.runtime.v2.task/k8s.io/aade5eb5c6ca522ccc65e6ff7905d1815c68b83d944732b9f91e7c027c808e84/rootfs
overlay          56G   24G   30G  45% /run/containerd/io.containerd.runtime.v2.task/k8s.io/2cb2ff73881fa46e80d494096297967d83df94df567ddf96b08f3a1a755ac14c/rootfs
overlay          56G   24G   30G  45% /run/containerd/io.containerd.runtime.v2.task/k8s.io/f071451144d2f5993948bda3a2249b53148a4120a37159e90e8f9d1e3eb169d4/rootfs
tmpfs           4.8G   12K  4.8G   1% /var/lib/kubelet/pods/4427f7b9-49d6-4a57-9395-1ce895aee931/volumes/kubernetes.io~projected/kube-api-access-htsbw
shm              64M     0   64M   0% /run/containerd/io.containerd.grpc.v1.cri/sandboxes/abf633150518a43edb69bb1816e10c934bea7d7ac7d33d9a0c48f5367a9bb2a8/shm
overlay          56G   24G   30G  45% /run/containerd/io.containerd.runtime.v2.task/k8s.io/abf633150518a43edb69bb1816e10c934bea7d7ac7d33d9a0c48f5367a9bb2a8/rootfs
tmpfs           4.8G   12K  4.8G   1% /var/lib/kubelet/pods/ab4f4e53-b052-444b-97a8-0fcf5569972a/volumes/kubernetes.io~projected/kube-api-access-54kwx
shm              64M     0   64M   0% /run/containerd/io.containerd.grpc.v1.cri/sandboxes/ea8a630aa5006f734d028ced98694476eec71e64a88b1d90e3471d1034d93543/shm
overlay          56G   24G   30G  45% /run/containerd/io.containerd.runtime.v2.task/k8s.io/ea8a630aa5006f734d028ced98694476eec71e64a88b1d90e3471d1034d93543/rootfs
overlay          56G   24G   30G  45% /run/containerd/io.containerd.runtime.v2.task/k8s.io/a3424694fc45b616fea3ad3dabbc2c7cfd02f829b39ab11b254c964f5f4a19bc/rootfs
overlay          56G   24G   30G  45% /run/containerd/io.containerd.runtime.v2.task/k8s.io/229f1d581dcaaeff4864bde7f70822f6610b2c01146071c6f93f2a2f71597827/rootfs
shm              64M     0   64M   0% /run/containerd/io.containerd.grpc.v1.cri/sandboxes/3524351074541ea5890695ef2619f93c83a8b637537a9b1fd8a37f5a8e2ef52f/shm
overlay          56G   24G   30G  45% /run/containerd/io.containerd.runtime.v2.task/k8s.io/3524351074541ea5890695ef2619f93c83a8b637537a9b1fd8a37f5a8e2ef52f/rootfs
tmpfs           4.8G     0  4.8G   0% /var/lib/kubelet/pods/096168bf-a651-4c8c-a040-b4645cb80acb/volumes/kubernetes.io~secret/web-config
tmpfs           4.8G  4.0K  4.8G   1% /var/lib/kubelet/pods/096168bf-a651-4c8c-a040-b4645cb80acb/volumes/kubernetes.io~secret/config-volume
tmpfs           4.8G  4.0K  4.8G   1% /var/lib/kubelet/pods/096168bf-a651-4c8c-a040-b4645cb80acb/volumes/kubernetes.io~empty-dir/config-out
tmpfs           4.8G  4.0K  4.8G   1% /var/lib/kubelet/pods/096168bf-a651-4c8c-a040-b4645cb80acb/volumes/kubernetes.io~secret/telegram-secret
tmpfs           4.8G     0  4.8G   0% /var/lib/kubelet/pods/096168bf-a651-4c8c-a040-b4645cb80acb/volumes/kubernetes.io~projected/tls-assets
tmpfs           4.8G   12K  4.8G   1% /var/lib/kubelet/pods/096168bf-a651-4c8c-a040-b4645cb80acb/volumes/kubernetes.io~projected/kube-api-access-srv6s
shm              64M     0   64M   0% /run/containerd/io.containerd.grpc.v1.cri/sandboxes/4e7e7fd330ce785f2dbd22d9cff51ee91a2c1083a4edfb843cfc7d710005ad8e/shm
overlay          56G   24G   30G  45% /run/containerd/io.containerd.runtime.v2.task/k8s.io/4e7e7fd330ce785f2dbd22d9cff51ee91a2c1083a4edfb843cfc7d710005ad8e/rootfs
overlay          56G   24G   30G  45% /run/containerd/io.containerd.runtime.v2.task/k8s.io/ca7f7f1f78c9dbdd321cfba57559399d017e1ed50bdd7990ec6a81bc5e03ca58/rootfs
overlay          56G   24G   30G  45% /run/containerd/io.containerd.runtime.v2.task/k8s.io/9bddede2fa9239c14ba0be01870a75fcb92885ecdd379634fc614c6c4d5425c2/rootfs
tmpfs           4.8G   12K  4.8G   1% /var/lib/kubelet/pods/4728400c-0eb7-4a13-b13e-5ba0a59ae366/volumes/kubernetes.io~projected/kube-api-access-z4hs2
shm              64M  1.8M   63M   3% /run/containerd/io.containerd.grpc.v1.cri/sandboxes/ce3f38263c08bd4a7b49ff062e2b5f8688696aacf62408018f152d6997ecb703/shm
overlay          56G   24G   30G  45% /run/containerd/io.containerd.runtime.v2.task/k8s.io/ce3f38263c08bd4a7b49ff062e2b5f8688696aacf62408018f152d6997ecb703/rootfs
overlay          56G   24G   30G  45% /run/containerd/io.containerd.runtime.v2.task/k8s.io/6c41dbf040e41146479e5b8b24cd386c65f69e19d995f158872e4322ac0c248a/rootfs
tmpfs           4.8G     0  4.8G   0% /var/lib/kubelet/pods/831d85ef-f1dd-4810-ac2a-c3e90bc01b73/volumes/kubernetes.io~secret/longhorn-grpc-tls
tmpfs           4.8G   12K  4.8G   1% /var/lib/kubelet/pods/831d85ef-f1dd-4810-ac2a-c3e90bc01b73/volumes/kubernetes.io~projected/kube-api-access-52zdl
shm              64M     0   64M   0% /run/containerd/io.containerd.grpc.v1.cri/sandboxes/4317117a7de3168451950ab65f5e1802761d33a6c824906b461153159e611ac3/shm
overlay          56G   24G   30G  45% /run/containerd/io.containerd.runtime.v2.task/k8s.io/4317117a7de3168451950ab65f5e1802761d33a6c824906b461153159e611ac3/rootfs
overlay          56G   24G   30G  45% /run/containerd/io.containerd.runtime.v2.task/k8s.io/4a7e70e14e58350031bbb11b317f3823effa9b56b148fbe98611126c1d6b36be/rootfs
overlay          56G   24G   30G  45% /run/containerd/io.containerd.runtime.v2.task/k8s.io/cf1c4736dcd615e90b3306136bd33adf9ae402658aba4723de83c43913623860/rootfs
overlay          56G   24G   30G  45% /run/containerd/io.containerd.runtime.v2.task/k8s.io/b29c0cbec72ff6937c4b5009709f6992399952111f45c48bd71dff484e4206ff/rootfs
overlay          56G   24G   30G  45% /run/containerd/io.containerd.runtime.v2.task/k8s.io/cc69e933c9c1d3c7df7956dc82767de8fac1543027974c7f8218ba9f45d110d7/rootfs
overlay          56G   24G   30G  45% /run/containerd/io.containerd.runtime.v2.task/k8s.io/da0de205541f21cf97ba6a2616c78287067e93915b3a382b0820d01f69b62716/rootfs
overlay          56G   24G   30G  45% /run/containerd/io.containerd.runtime.v2.task/k8s.io/6fdbc35b5e4bf931899f045e54ed1d9252060e26eed572487c4e34a782728cc9/rootfs
overlay          56G   24G   30G  45% /run/containerd/io.containerd.runtime.v2.task/k8s.io/6ed84ddc2fa4fcdc8aa9db0c35baf9d3fee6626b82ec1bde081d3ef6b49a45a5/rootfs
tmpfs           578M   16K  578M   1% /run/user/1000
total 4
drwxrwxr-x 3 kube ubuntu 4096 May 25 17:28 vol1
Filesystem      Size  Used Avail Use% Mounted on
/dev/mmcblk2p2   56G   24G   30G  45% /mnt/disks/vol1
Error: /dev/mmcblk2boot1: unrecognised disk label
Error: /dev/mmcblk2boot0: unrecognised disk label
Model: ATA ADATA SU650NS38 (scsi)
Disk /dev/sda: 512GB
Sector size (logical/physical): 512B/512B
Partition Table: gpt
Disk Flags: 

Number  Start   End    Size   File system  Name     Flags
 1      1049kB  512GB  512GB  ext4         primary


Model: MMC UEM (sd/mmc)
Disk /dev/mmcblk2: 62.5GB
Sector size (logical/physical): 512B/512B
Partition Table: gpt
Disk Flags: 

Number  Start   End     Size    File system  Name  Flags
 1      1049kB  1128MB  1127MB  fat32              boot, esp
 2      1128MB  62.5GB  61.4GB  ext4


                                                                          Model: Generic SD/MMC Storage Card (sd/mmc)
Disk /dev/mmcblk2boot1: 4194kB
Sector size (logical/physical): 512B/512B
Partition Table: unknown
Disk Flags: 

                                                                          Model: Generic SD/MMC Storage Card (sd/mmc)
Disk /dev/mmcblk2boot0: 4194kB
Sector size (logical/physical): 512B/512B
Partition Table: unknown
Disk Flags: 

smartctl 7.4 2023-08-01 r5530 [x86_64-linux-6.8.0-41-generic] (local build)
Copyright (C) 2002-23, Bruce Allen, Christian Franke, www.smartmontools.org

=== START OF READ SMART DATA SECTION ===
SMART overall-health self-assessment test result: PASSED

===============================================
Gathering STORAGE information from node: 192.168.1.102
===============================================
node-2
NAME         FSTYPE FSVER LABEL UUID                                 FSAVAIL FSUSE% MOUNTPOINTS
sda                                                                                 
└─sda1       ext4   1.0         f358eaee-8a00-426e-a748-ab0a610453e8  849.6G     4% /storage
sdb          ext4   1.0         2363cefa-a742-4147-89cf-98072af44d4a    950M     1% /var/lib/kubelet/pods/d50a7f03-c43f-4bf0-8dd0-7f0cce6fd4d5/volumes/kubernetes.io~csi/pvc-fa58961c-4780-413c-bf0c-08068c4cf5b9/mount
                                                                                    /var/lib/kubelet/plugins/kubernetes.io/csi/driver.longhorn.io/1070e4334a7b8a72f228e608fbb92023911b427232679faa9ae76a96effab1ad/globalmount
sdc                                                                                 
sdd                                                                                 
mmcblk1                                                                             
├─mmcblk1p1  vfat   FAT32       AC30-2B58                                 1G     1% /boot/efi
└─mmcblk1p2  ext4   1.0         8be6f025-08a5-45a8-a498-b4529d4e31f8   33.7G    35% /mnt/disks/vol1
                                                                                    /
mmcblk1boot0                                                                        
mmcblk1boot1                                                                        
Disk /dev/sda: 953.87 GiB, 1024209543168 bytes, 2000409264 sectors
Disk model: ADATA SU650NS38 
Units: sectors of 1 * 512 = 512 bytes
Sector size (logical/physical): 512 bytes / 512 bytes
I/O size (minimum/optimal): 512 bytes / 512 bytes
Disklabel type: gpt
Disk identifier: F323D451-C26D-45CF-B0CD-AC508D40C81D

Device     Start        End    Sectors   Size Type
/dev/sda1   2048 2000408575 2000406528 953.9G Linux filesystem


Disk /dev/mmcblk1: 58.25 GiB, 62545461248 bytes, 122159104 sectors
Units: sectors of 1 * 512 = 512 bytes
Sector size (logical/physical): 512 bytes / 512 bytes
I/O size (minimum/optimal): 512 bytes / 512 bytes
Disklabel type: gpt
Disk identifier: DAA5DA32-D9AE-4B0A-A80E-CCB7FA1014A1

Device           Start       End   Sectors  Size Type
/dev/mmcblk1p1    2048   2203647   2201600    1G EFI System
/dev/mmcblk1p2 2203648 122157055 119953408 57.2G Linux filesystem


Disk /dev/mmcblk1boot0: 4 MiB, 4194304 bytes, 8192 sectors
Units: sectors of 1 * 512 = 512 bytes
Sector size (logical/physical): 512 bytes / 512 bytes
I/O size (minimum/optimal): 512 bytes / 512 bytes


Disk /dev/mmcblk1boot1: 4 MiB, 4194304 bytes, 8192 sectors
Units: sectors of 1 * 512 = 512 bytes
Sector size (logical/physical): 512 bytes / 512 bytes
I/O size (minimum/optimal): 512 bytes / 512 bytes


Disk /dev/sdb: 1 GiB, 1073741824 bytes, 2097152 sectors
Disk model: VIRTUAL-DISK    
Units: sectors of 1 * 512 = 512 bytes
Sector size (logical/physical): 512 bytes / 512 bytes
I/O size (minimum/optimal): 512 bytes / 512 bytes
Filesystem                                               Size  Used Avail Use% Mounted on
tmpfs                                                    578M  4.7M  573M   1% /run
efivarfs                                                 128K   82K   42K  67% /sys/firmware/efi/efivars
/dev/mmcblk1p2                                            56G   20G   34G  37% /
tmpfs                                                    2.9G     0  2.9G   0% /dev/shm
tmpfs                                                    5.0M     0  5.0M   0% /run/lock
/dev/mmcblk1p1                                           1.1G  6.2M  1.1G   1% /boot/efi
shm                                                       64M     0   64M   0% /run/containerd/io.containerd.grpc.v1.cri/sandboxes/cdfb94ff325c028437b280510cc19453e4328610583e6825875b229d3de9668b/shm
overlay                                                   56G   20G   34G  37% /run/containerd/io.containerd.runtime.v2.task/k8s.io/cdfb94ff325c028437b280510cc19453e4328610583e6825875b229d3de9668b/rootfs
overlay                                                   56G   20G   34G  37% /run/containerd/io.containerd.runtime.v2.task/k8s.io/355aace1c9ddb57a8d30b9b583a7aa5035338e6324368aacc847b901b09e14ab/rootfs
tmpfs                                                    4.8G   12K  4.8G   1% /var/lib/kubelet/pods/1f0a6640-3ed1-4057-8ea8-d2e66219393d/volumes/kubernetes.io~projected/kube-api-access-qvfmd
shm                                                       64M     0   64M   0% /run/containerd/io.containerd.grpc.v1.cri/sandboxes/b28d2a92478a7c219ed69c13e9164671d067b8e24fbe56112464948e3e11e2de/shm
overlay                                                   56G   20G   34G  37% /run/containerd/io.containerd.runtime.v2.task/k8s.io/b28d2a92478a7c219ed69c13e9164671d067b8e24fbe56112464948e3e11e2de/rootfs
overlay                                                   56G   20G   34G  37% /run/containerd/io.containerd.runtime.v2.task/k8s.io/9e35bf648bcaaec6202723f2d874a72dc617486eba5e1bb6432f389803ffa58a/rootfs
tmpfs                                                    4.8G   12K  4.8G   1% /var/lib/kubelet/pods/c34dbddd-7242-4f13-ba4b-0d7fbbded021/volumes/kubernetes.io~projected/kube-api-access-fr8zc
shm                                                       64M     0   64M   0% /run/containerd/io.containerd.grpc.v1.cri/sandboxes/68768c0478c6fb576214b5bdea083d0e93e161142f96112139a3948444d01daa/shm
overlay                                                   56G   20G   34G  37% /run/containerd/io.containerd.runtime.v2.task/k8s.io/68768c0478c6fb576214b5bdea083d0e93e161142f96112139a3948444d01daa/rootfs
overlay                                                   56G   20G   34G  37% /run/containerd/io.containerd.runtime.v2.task/k8s.io/64942e5be89442e3b5b7ebaaf55beb8bbe4cf268368dfca9121b2ac10ebf1346/rootfs
tmpfs                                                    4.8G   12K  4.8G   1% /var/lib/kubelet/pods/edf584d1-72f7-4ea0-89fa-368078c96536/volumes/kubernetes.io~projected/kube-api-access-zb2dn
shm                                                       64M     0   64M   0% /run/containerd/io.containerd.grpc.v1.cri/sandboxes/170383b23c5ad8a5ae9c97a7175ad8acf46cca1f4a6957701dd081607834750e/shm
overlay                                                   56G   20G   34G  37% /run/containerd/io.containerd.runtime.v2.task/k8s.io/170383b23c5ad8a5ae9c97a7175ad8acf46cca1f4a6957701dd081607834750e/rootfs
overlay                                                   56G   20G   34G  37% /run/containerd/io.containerd.runtime.v2.task/k8s.io/9ebf5f16b9b947f8819959129c05d384f71cff0ff00ed42516c840d03834fead/rootfs
tmpfs                                                    4.8G   12K  4.8G   1% /var/lib/kubelet/pods/ba95f987-2a91-4a5d-9560-015665a60304/volumes/kubernetes.io~projected/kube-api-access-ttnpj
shm                                                       64M     0   64M   0% /run/containerd/io.containerd.grpc.v1.cri/sandboxes/536b8cc33b9ea3981d728a9750937c6becbeb2ca2240cb86e6d9a90f08ca65c4/shm
overlay                                                   56G   20G   34G  37% /run/containerd/io.containerd.runtime.v2.task/k8s.io/536b8cc33b9ea3981d728a9750937c6becbeb2ca2240cb86e6d9a90f08ca65c4/rootfs
overlay                                                   56G   20G   34G  37% /run/containerd/io.containerd.runtime.v2.task/k8s.io/24dd4f7517655109b404f08d815e4568eee07c09ac1489bb447cafcd9e668b20/rootfs
tmpfs                                                    4.8G   12K  4.8G   1% /var/lib/kubelet/pods/ca193753-0601-496e-90a9-4ffef4d2efa0/volumes/kubernetes.io~projected/kube-api-access-452xh
shm                                                       64M     0   64M   0% /run/containerd/io.containerd.grpc.v1.cri/sandboxes/428676c449c5ba50801d60024c1fcb9de074be035aef3f42991ad9cbf2ed768a/shm
overlay                                                   56G   20G   34G  37% /run/containerd/io.containerd.runtime.v2.task/k8s.io/428676c449c5ba50801d60024c1fcb9de074be035aef3f42991ad9cbf2ed768a/rootfs
overlay                                                   56G   20G   34G  37% /run/containerd/io.containerd.runtime.v2.task/k8s.io/8315502a7deb37fb5ee5cf23422b8559ffb99e2fcbf253f1ebc6f7e30e63e60d/rootfs
tmpfs                                                    200M   12K  200M   1% /var/lib/kubelet/pods/f18b5f42-7811-4c0d-93f5-fba86004eaf6/volumes/kubernetes.io~projected/kube-api-access-qnw22
shm                                                       64M     0   64M   0% /run/containerd/io.containerd.grpc.v1.cri/sandboxes/0d7ded9964b4878dfb3f487b326f06a80933604008584f43c60725f2fce37a7d/shm
overlay                                                   56G   20G   34G  37% /run/containerd/io.containerd.runtime.v2.task/k8s.io/0d7ded9964b4878dfb3f487b326f06a80933604008584f43c60725f2fce37a7d/rootfs
overlay                                                   56G   20G   34G  37% /run/containerd/io.containerd.runtime.v2.task/k8s.io/e34abce0434056c0cb688d65d0dadf27268cc01156fa1940ebd74cc916474b93/rootfs
tmpfs                                                    4.8G   12K  4.8G   1% /var/lib/kubelet/pods/1f6ef6da-189a-4084-a67d-9bbb1db7b743/volumes/kubernetes.io~projected/kube-api-access-tw72x
shm                                                       64M     0   64M   0% /run/containerd/io.containerd.grpc.v1.cri/sandboxes/026a07c3d9361f3efc6f654e42896fe5741d5265a7b6a915714c6137d87fdb30/shm
overlay                                                   56G   20G   34G  37% /run/containerd/io.containerd.runtime.v2.task/k8s.io/026a07c3d9361f3efc6f654e42896fe5741d5265a7b6a915714c6137d87fdb30/rootfs
overlay                                                   56G   20G   34G  37% /run/containerd/io.containerd.runtime.v2.task/k8s.io/2138fe2ff52a446bbf70461931e3da276553dd8c12428ef8b63051e608b0505d/rootfs
tmpfs                                                    4.8G     0  4.8G   0% /var/lib/kubelet/pods/c26e1ecd-0794-475f-a4df-b70069246ad6/volumes/kubernetes.io~secret/argocd-dex-server-tls
tmpfs                                                    4.8G     0  4.8G   0% /var/lib/kubelet/pods/c26e1ecd-0794-475f-a4df-b70069246ad6/volumes/kubernetes.io~secret/argocd-repo-server-tls
tmpfs                                                    4.8G   12K  4.8G   1% /var/lib/kubelet/pods/c26e1ecd-0794-475f-a4df-b70069246ad6/volumes/kubernetes.io~projected/kube-api-access-pmd5p
shm                                                       64M     0   64M   0% /run/containerd/io.containerd.grpc.v1.cri/sandboxes/0170ab81e5bb092adf19377eb5bd8362a89e3abc05d042b7aee58cb6be5792a6/shm
overlay                                                   56G   20G   34G  37% /run/containerd/io.containerd.runtime.v2.task/k8s.io/0170ab81e5bb092adf19377eb5bd8362a89e3abc05d042b7aee58cb6be5792a6/rootfs
overlay                                                   56G   20G   34G  37% /run/containerd/io.containerd.runtime.v2.task/k8s.io/68ecafb1a85be194d3cc2cdc7f505a8aed3b09515b207dd63037b97366ee7a1c/rootfs
/dev/sda1                                                938G   41G  850G   5% /storage
tmpfs                                                    4.8G     0  4.8G   0% /var/lib/kubelet/pods/08a26e18-a8d7-428b-a5b0-62950baa9651/volumes/kubernetes.io~secret/longhorn-grpc-tls
tmpfs                                                    4.8G   12K  4.8G   1% /var/lib/kubelet/pods/08a26e18-a8d7-428b-a5b0-62950baa9651/volumes/kubernetes.io~projected/kube-api-access-ldzrl
shm                                                       64M     0   64M   0% /run/containerd/io.containerd.grpc.v1.cri/sandboxes/a2e7f60cf88aaa6f1e6d2c3a35f11544694b4bf3cd5c17d4d213f7fb17419ef1/shm
overlay                                                   56G   20G   34G  37% /run/containerd/io.containerd.runtime.v2.task/k8s.io/a2e7f60cf88aaa6f1e6d2c3a35f11544694b4bf3cd5c17d4d213f7fb17419ef1/rootfs
overlay                                                   56G   20G   34G  37% /run/containerd/io.containerd.runtime.v2.task/k8s.io/d451df47361fbd7ca846bfb01fa48114b2f547f071fce16c2f82cf6c8d13051b/rootfs
overlay                                                   56G   20G   34G  37% /run/containerd/io.containerd.runtime.v2.task/k8s.io/c0581dcb6415eda4b45df10d3ba60369df355e160325d2f7f31d5f64484a0f56/rootfs
tmpfs                                                    4.8G   12K  4.8G   1% /var/lib/kubelet/pods/16e35c6c-ee78-49cd-8562-c9e2b98e1bfa/volumes/kubernetes.io~projected/kube-api-access-2rllm
shm                                                       64M     0   64M   0% /run/containerd/io.containerd.grpc.v1.cri/sandboxes/1f4d456cc5a33ac0ac7c467a9ab3c670bb6d64f1fa3fdc0c9d30666ba6f97776/shm
overlay                                                   56G   20G   34G  37% /run/containerd/io.containerd.runtime.v2.task/k8s.io/1f4d456cc5a33ac0ac7c467a9ab3c670bb6d64f1fa3fdc0c9d30666ba6f97776/rootfs
overlay                                                   56G   20G   34G  37% /run/containerd/io.containerd.runtime.v2.task/k8s.io/1dcec574d2d1c33669a8695d6355c658060af4358bc78c8c1aa5b99f4bf9ee02/rootfs
tmpfs                                                    4.8G     0  4.8G   0% /var/lib/kubelet/pods/3567d7de-255f-4085-957c-420239ed6e0d/volumes/kubernetes.io~secret/longhorn-grpc-tls
tmpfs                                                    4.8G   12K  4.8G   1% /var/lib/kubelet/pods/3567d7de-255f-4085-957c-420239ed6e0d/volumes/kubernetes.io~projected/kube-api-access-bbj7k
shm                                                       64M     0   64M   0% /run/containerd/io.containerd.grpc.v1.cri/sandboxes/d08b2893d150fd50b2bb5a80687517bd4120a489cefbf09178471d30baeb6f3f/shm
overlay                                                   56G   20G   34G  37% /run/containerd/io.containerd.runtime.v2.task/k8s.io/d08b2893d150fd50b2bb5a80687517bd4120a489cefbf09178471d30baeb6f3f/rootfs
tmpfs                                                    4.8G   12K  4.8G   1% /var/lib/kubelet/pods/cf5cde85-7af9-4281-bc39-923c6b7d66db/volumes/kubernetes.io~projected/kube-api-access-fvjhh
shm                                                       64M     0   64M   0% /run/containerd/io.containerd.grpc.v1.cri/sandboxes/27d926122d0c13d448c32b95ae4c988a86f2a575fcfb2a2b4f424e0cabce6153/shm
overlay                                                   56G   20G   34G  37% /run/containerd/io.containerd.runtime.v2.task/k8s.io/27d926122d0c13d448c32b95ae4c988a86f2a575fcfb2a2b4f424e0cabce6153/rootfs
overlay                                                   56G   20G   34G  37% /run/containerd/io.containerd.runtime.v2.task/k8s.io/c2b88408f45d7c3a7d7c1a55f58215c05460396948bd78c5f14d8b45993c7aa1/rootfs
overlay                                                   56G   20G   34G  37% /run/containerd/io.containerd.runtime.v2.task/k8s.io/b2b249b8cb4af8ab3189f0e05c777825d4f1a772c02ce3ecf93d61c0658316fc/rootfs
overlay                                                   56G   20G   34G  37% /run/containerd/io.containerd.runtime.v2.task/k8s.io/3ca3392c6ff11f39ba4a1513e3fc9a79a7a11edd09b21e5a636f21dc139faae9/rootfs
